[2026-05-12 22:17:05] ============================================================
[2026-05-12 22:17:05] 📈 A股日线数据全量同步开始
[2026-05-12 22:17:05] 📅 数据起点: 20230113
[2026-05-12 22:17:05] ============================================================
[2026-05-12 22:17:05] 📊 股票总数: 5850
[2026-05-12 22:17:05] 📁 已有文件: 5506 个
[2026-05-12 22:17:05] 🔍 待同步: 344 只
[2026-05-12 22:17:05] ⏳ 开始同步...
[2026-05-12 22:17:05] ============================================================
[2026-05-12 22:17:05]   📥 全量同步 001237...
[2026-05-12 22:17:05]   ⚠️ akshare获取失败 001237: HTTPSConnectionPool(host='push2his.eastmoney.com', port=443): Max retries exceeded with url: /api/qt/stock/kline/get?fields1=f1%2Cf2%2Cf3%2Cf4%2Cf5%2Cf6&fields2=f51%2Cf52%2Cf53%2Cf54%2Cf55%2Cf56%2Cf57%2Cf58%2Cf59%2Cf60%2Cf61%2Cf116&ut=7eea3edcaed734bea9cbfc24409ed989&klt=101&fqt=1&secid=0.001237&beg=20230113&end=20260512 (Caused by ProxyError('Unable to connect to proxy', RemoteDisconnected('Remote end closed connection without response')))
[2026-05-12 22:17:05]   🔄 akshare数据不足，尝试新浪...
[2026-05-12 22:17:06]   ❌ 获取数据失败 001237
[2026-05-12 22:17:06] 进度: 1/344 | 成功: 0 | 失败: 1 | 速度: 2.4/秒 | 预计: 2.4分钟
[2026-05-12 22:17:06]   📥 全量同步 001257...
[2026-05-12 22:17:06]   ⚠️ akshare获取失败 001257: HTTPSConnectionPool(host='push2his.eastmoney.com', port=443): Max retries exceeded with url: /api/qt/stock/kline/get?fields1=f1%2Cf2%2Cf3%2Cf4%2Cf5%2Cf6&fields2=f51%2Cf52%2Cf53%2Cf54%2Cf55%2Cf56%2Cf57%2Cf58%2Cf59%2Cf60%2Cf61%2Cf116&ut=7eea3edcaed734bea9cbfc24409ed989&klt=101&fqt=1&secid=0.001257&beg=20230113&end=20260512 (Caused by ProxyError('Unable to connect to proxy', RemoteDisconnected('Remote end closed connection without response')))
[2026-05-12 22:17:06]   🔄 akshare数据不足，尝试新浪...
[2026-05-12 22:17:06]   ❌ 获取数据失败 001257
[2026-05-12 22:17:06] 进度: 2/344 | 成功: 0 | 失败: 2 | 速度: 2.1/秒 | 预计: 2.8分钟
[2026-05-12 22:17:07]   📥 全量同步 001312...
[2026-05-12 22:17:07]   ⚠️ akshare获取失败 001312: HTTPSConnectionPool(host='push2his.eastmoney.com', port=443): Max retries exceeded with url: /api/qt/stock/kline/get?fields1=f1%2Cf2%2Cf3%2Cf4%2Cf5%2Cf6&fields2=f51%2Cf52%2Cf53%2Cf54%2Cf55%2Cf56%2Cf57%2Cf58%2Cf59%2Cf60%2Cf61%2Cf116&ut=7eea3edcaed734bea9cbfc24409ed989&klt=101&fqt=1&secid=0.001312&beg=20230113&end=20260512 (Caused by ProxyError('Unable to connect to proxy', RemoteDisconnected('Remote end closed connection without response')))
[2026-05-12 22:17:07]   🔄 akshare数据不足，尝试新浪...
[2026-05-12 22:17:07]   ❌ 获取数据失败 001312
[2026-05-12 22:17:07] 进度: 3/344 | 成功: 0 | 失败: 3 | 速度: 1.8/秒 | 预计: 3.1分钟
[2026-05-12 22:17:07]   📥 全量同步 001365...
[2026-05-12 22:17:07]   ⚠️ akshare获取失败 001365: HTTPSConnectionPool(host='push2his.eastmoney.com', port=443): Max retries exceeded with url: /api/qt/stock/kline/get?fields1=f1%2Cf2%2Cf3%2Cf4%2Cf5%2Cf6&fields2=f51%2Cf52%2Cf53%2Cf54%2Cf55%2Cf56%2Cf57%2Cf58%2Cf59%2Cf60%2Cf61%2Cf116&ut=7eea3edcaed734bea9cbfc24409ed989&klt=101&fqt=1&secid=0.001365&beg=20230113&end=20260512 (Caused by ProxyError('Unable to connect to proxy', RemoteDisconnected('Remote end closed connection without response')))
[2026-05-12 22:17:07]   🔄 akshare数据不足，尝试新浪...
[2026-05-12 22:17:09]   ❌ 获取数据失败 001365
[2026-05-12 22:17:09] 进度: 4/344 | 成功: 0 | 失败: 4 | 速度: 1.3/秒 | 预计: 4.5分钟
[2026-05-12 22:17:09]   📥 全量同步 001393...
[2026-05-12 22:17:09]   ⚠️ akshare获取失败 001393: HTTPSConnectionPool(host='push2his.eastmoney.com', port=443): Max retries exceeded with url: /api/qt/stock/kline/get?fields1=f1%2Cf2%2Cf3%2Cf4%2Cf5%2Cf6&fields2=f51%2Cf52%2Cf53%2Cf54%2Cf55%2Cf56%2Cf57%2Cf58%2Cf59%2Cf60%2Cf61%2Cf116&ut=7eea3edcaed734bea9cbfc24409ed989&klt=101&fqt=1&secid=0.001393&beg=20230113&end=20260512 (Caused by ProxyError('Unable to connect to proxy', RemoteDisconnected('Remote end closed connection without response')))
[2026-05-12 22:17:09]   🔄 akshare数据不足，尝试新浪...
[2026-05-12 22:17:09]   ❌ 获取数据失败 001393
[2026-05-12 22:17:09] 进度: 5/344 | 成功: 0 | 失败: 5 | 速度: 1.3/秒 | 预计: 4.2分钟
[2026-05-12 22:17:09]   📥 全量同步 301513...
[2026-05-12 22:17:10]   ⚠️ akshare获取失败 301513: HTTPSConnectionPool(host='push2his.eastmoney.com', port=443): Max retries exceeded with url: /api/qt/stock/kline/get?fields1=f1%2Cf2%2Cf3%2Cf4%2Cf5%2Cf6&fields2=f51%2Cf52%2Cf53%2Cf54%2Cf55%2Cf56%2Cf57%2Cf58%2Cf59%2Cf60%2Cf61%2Cf116&ut=7eea3edcaed734bea9cbfc24409ed989&klt=101&fqt=1&secid=0.301513&beg=20230113&end=20260512 (Caused by ProxyError('Unable to connect to proxy', RemoteDisconnected('Remote end closed connection without response')))
[2026-05-12 22:17:10]   🔄 akshare数据不足，尝试新浪...
[2026-05-12 22:17:10]   ❌ 获取数据失败 301513
[2026-05-12 22:17:10] 进度: 6/344 | 成功: 0 | 失败: 6 | 速度: 1.4/秒 | 预计: 4.0分钟
[2026-05-12 22:17:10]   📥 全量同步 301531...
[2026-05-12 22:17:10]   ⚠️ akshare获取失败 301531: HTTPSConnectionPool(host='push2his.eastmoney.com', port=443): Max retries exceeded with url: /api/qt/stock/kline/get?fields1=f1%2Cf2%2Cf3%2Cf4%2Cf5%2Cf6&fields2=f51%2Cf52%2Cf53%2Cf54%2Cf55%2Cf56%2Cf57%2Cf58%2Cf59%2Cf60%2Cf61%2Cf116&ut=7eea3edcaed734bea9cbfc24409ed989&klt=101&fqt=1&secid=0.301531&beg=20230113&end=20260512 (Caused by ProxyError('Unable to connect to proxy', RemoteDisconnected('Remote end closed connection without response')))
[2026-05-12 22:17:10]   🔄 akshare数据不足，尝试新浪...
[2026-05-12 22:17:11]   ❌ 获取数据失败 301531
[2026-05-12 22:17:11] 进度: 7/344 | 成功: 0 | 失败: 7 | 速度: 1.2/秒 | 预计: 4.6分钟
[2026-05-12 22:17:11]   📥 全量同步 301599...
[2026-05-12 22:17:12]   ⚠️ akshare获取失败 301599: HTTPSConnectionPool(host='push2his.eastmoney.com', port=443): Max retries exceeded with url: /api/qt/stock/kline/get?fields1=f1%2Cf2%2Cf3%2Cf4%2Cf5%2Cf6&fields2=f51%2Cf52%2Cf53%2Cf54%2Cf55%2Cf56%2Cf57%2Cf58%2Cf59%2Cf60%2Cf61%2Cf116&ut=7eea3edcaed734bea9cbfc24409ed989&klt=101&fqt=1&secid=0.301599&beg=20230113&end=20260512 (Caused by ProxyError('Unable to connect to proxy', RemoteDisconnected('Remote end closed connection without response')))
[2026-05-12 22:17:12]   🔄 akshare数据不足，尝试新浪...
[2026-05-12 22:17:12]   ❌ 获取数据失败 301599
[2026-05-12 22:17:12] 进度: 8/344 | 成功: 0 | 失败: 8 | 速度: 1.3/秒 | 预计: 4.4分钟
[2026-05-12 22:17:12]   📥 全量同步 301666...
[2026-05-12 22:17:12]   ⚠️ akshare获取失败 301666: HTTPSConnectionPool(host='push2his.eastmoney.com', port=443): Max retries exceeded with url: /api/qt/stock/kline/get?fields1=f1%2Cf2%2Cf3%2Cf4%2Cf5%2Cf6&fields2=f51%2Cf52%2Cf53%2Cf54%2Cf55%2Cf56%2Cf57%2Cf58%2Cf59%2Cf60%2Cf61%2Cf116&ut=7eea3edcaed734bea9cbfc24409ed989&klt=101&fqt=1&secid=0.301666&beg=20230113&end=20260512 (Caused by ProxyError('Unable to connect to proxy', RemoteDisconnected('Remote end closed connection without response')))
[2026-05-12 22:17:12]   🔄 akshare数据不足，尝试新浪...
[2026-05-12 22:17:12]   ❌ 获取数据失败 301666
[2026-05-12 22:17:12] 进度: 9/344 | 成功: 0 | 失败: 9 | 速度: 1.3/秒 | 预计: 4.3分钟
[2026-05-12 22:17:13]   📥 全量同步 301680...
[2026-05-12 22:17:13]   ⚠️ akshare获取失败 301680: HTTPSConnectionPool(host='push2his.eastmoney.com', port=443): Max retries exceeded with url: /api/qt/stock/kline/get?fields1=f1%2Cf2%2Cf3%2Cf4%2Cf5%2Cf6&fields2=f51%2Cf52%2Cf53%2Cf54%2Cf55%2Cf56%2Cf57%2Cf58%2Cf59%2Cf60%2Cf61%2Cf116&ut=7eea3edcaed734bea9cbfc24409ed989&klt=101&fqt=1&secid=0.301680&beg=20230113&end=20260512 (Caused by ProxyError('Unable to connect to proxy', RemoteDisconnected('Remote end closed connection without response')))
[2026-05-12 22:17:13]   🔄 akshare数据不足，尝试新浪...
[2026-05-12 22:17:13]   ❌ 获取数据失败 301680
[2026-05-12 22:17:13] 进度: 10/344 | 成功: 0 | 失败: 10 | 速度: 1.3/秒 | 预计: 4.2分钟
[2026-05-12 22:17:13]   📥 全量同步 301682...
[2026-05-12 22:17:13]   ⚠️ akshare获取失败 301682: HTTPSConnectionPool(host='push2his.eastmoney.com', port=443): Max retries exceeded with url: /api/qt/stock/kline/get?fields1=f1%2Cf2%2Cf3%2Cf4%2Cf5%2Cf6&fields2=f51%2Cf52%2Cf53%2Cf54%2Cf55%2Cf56%2Cf57%2Cf58%2Cf59%2Cf60%2Cf61%2Cf116&ut=7eea3edcaed734bea9cbfc24409ed989&klt=101&fqt=1&secid=0.301682&beg=20230113&end=20260512 (Caused by ProxyError('Unable to connect to proxy', RemoteDisconnected('Remote end closed connection without response')))
[2026-05-12 22:17:13]   🔄 akshare数据不足，尝试新浪...
[2026-05-12 22:17:14]   ❌ 获取数据失败 301682
[2026-05-12 22:17:14] 进度: 11/344 | 成功: 0 | 失败: 11 | 速度: 1.3/秒 | 预计: 4.2分钟
[2026-05-12 22:17:14]   📥 全量同步 301683...
[2026-05-12 22:17:14]   ⚠️ akshare获取失败 301683: HTTPSConnectionPool(host='push2his.eastmoney.com', port=443): Max retries exceeded with url: /api/qt/stock/kline/get?fields1=f1%2Cf2%2Cf3%2Cf4%2Cf5%2Cf6&fields2=f51%2Cf52%2Cf53%2Cf54%2Cf55%2Cf56%2Cf57%2Cf58%2Cf59%2Cf60%2Cf61%2Cf116&ut=7eea3edcaed734bea9cbfc24409ed989&klt=101&fqt=1&secid=0.301683&beg=20230113&end=20260512 (Caused by ProxyError('Unable to connect to proxy', RemoteDisconnected('Remote end closed connection without response')))
[2026-05-12 22:17:14]   🔄 akshare数据不足，尝试新浪...
[2026-05-12 22:17:17]   ❌ 获取数据失败 301683
[2026-05-12 22:17:17] 进度: 12/344 | 成功: 0 | 失败: 12 | 速度: 1.0/秒 | 预计: 5.4分钟
[2026-05-12 22:17:17]   📥 全量同步 301696...
[2026-05-12 22:17:18]   ⚠️ akshare获取失败 301696: HTTPSConnectionPool(host='push2his.eastmoney.com', port=443): Max retries exceeded with url: /api/qt/stock/kline/get?fields1=f1%2Cf2%2Cf3%2Cf4%2Cf5%2Cf6&fields2=f51%2Cf52%2Cf53%2Cf54%2Cf55%2Cf56%2Cf57%2Cf58%2Cf59%2Cf60%2Cf61%2Cf116&ut=7eea3edcaed734bea9cbfc24409ed989&klt=101&fqt=1&secid=0.301696&beg=20230113&end=20260512 (Caused by ProxyError('Unable to connect to proxy', RemoteDisconnected('Remote end closed connection without response')))
[2026-05-12 22:17:18]   🔄 akshare数据不足，尝试新浪...
[2026-05-12 22:17:18]   ❌ 获取数据失败 301696
[2026-05-12 22:17:18] 进度: 13/344 | 成功: 0 | 失败: 13 | 速度: 1.1/秒 | 预计: 5.2分钟
[2026-05-12 22:17:18]   📥 全量同步 603293...
[2026-05-12 22:17:18]   ⚠️ akshare获取失败 603293: HTTPSConnectionPool(host='push2his.eastmoney.com', port=443): Max retries exceeded with url: /api/qt/stock/kline/get?fields1=f1%2Cf2%2Cf3%2Cf4%2Cf5%2Cf6&fields2=f51%2Cf52%2Cf53%2Cf54%2Cf55%2Cf56%2Cf57%2Cf58%2Cf59%2Cf60%2Cf61%2Cf116&ut=7eea3edcaed734bea9cbfc24409ed989&klt=101&fqt=1&secid=1.603293&beg=20230113&end=20260512 (Caused by ProxyError('Unable to connect to proxy', RemoteDisconnected('Remote end closed connection without response')))
[2026-05-12 22:17:18]   🔄 akshare数据不足，尝试新浪...
[2026-05-12 22:17:18]   ❌ 获取数据失败 603293
[2026-05-12 22:17:18] 进度: 14/344 | 成功: 0 | 失败: 14 | 速度: 1.1/秒 | 预计: 5.1分钟
[2026-05-12 22:17:19]   📥 全量同步 603407...
[2026-05-12 22:17:19]   ⚠️ akshare获取失败 603407: HTTPSConnectionPool(host='push2his.eastmoney.com', port=443): Max retries exceeded with url: /api/qt/stock/kline/get?fields1=f1%2Cf2%2Cf3%2Cf4%2Cf5%2Cf6&fields2=f51%2Cf52%2Cf53%2Cf54%2Cf55%2Cf56%2Cf57%2Cf58%2Cf59%2Cf60%2Cf61%2Cf116&ut=7eea3edcaed734bea9cbfc24409ed989&klt=101&fqt=1&secid=1.603407&beg=20230113&end=20260512 (Caused by ProxyError('Unable to connect to proxy', RemoteDisconnected('Remote end closed connection without response')))
[2026-05-12 22:17:19]   🔄 akshare数据不足，尝试新浪...
[2026-05-12 22:17:19]   ❌ 获取数据失败 603407
[2026-05-12 22:17:19] 进度: 15/344 | 成功: 0 | 失败: 15 | 速度: 1.1/秒 | 预计: 4.9分钟
[2026-05-12 22:17:19]   📥 全量同步 603435...
[2026-05-12 22:17:19]   ⚠️ akshare获取失败 603435: HTTPSConnectionPool(host='push2his.eastmoney.com', port=443): Max retries exceeded with url: /api/qt/stock/kline/get?fields1=f1%2Cf2%2Cf3%2Cf4%2Cf5%2Cf6&fields2=f51%2Cf52%2Cf53%2Cf54%2Cf55%2Cf56%2Cf57%2Cf58%2Cf59%2Cf60%2Cf61%2Cf116&ut=7eea3edcaed734bea9cbfc24409ed989&klt=101&fqt=1&secid=1.603435&beg=20230113&end=20260512 (Caused by ProxyError('Unable to connect to proxy', RemoteDisconnected('Remote end closed connection without response')))
[2026-05-12 22:17:19]   🔄 akshare数据不足，尝试新浪...
[2026-05-12 22:17:20]   ❌ 获取数据失败 603435
[2026-05-12 22:17:20] 进度: 16/344 | 成功: 0 | 失败: 16 | 速度: 1.1/秒 | 预计: 4.8分钟
[2026-05-12 22:17:20]   📥 全量同步 603459...
[2026-05-12 22:17:20]   ⚠️ akshare获取失败 603459: HTTPSConnectionPool(host='push2his.eastmoney.com', port=443): Max retries exceeded with url: /api/qt/stock/kline/get?fields1=f1%2Cf2%2Cf3%2Cf4%2Cf5%2Cf6&fields2=f51%2Cf52%2Cf53%2Cf54%2Cf55%2Cf56%2Cf57%2Cf58%2Cf59%2Cf60%2Cf61%2Cf116&ut=7eea3edcaed734bea9cbfc24409ed989&klt=101&fqt=1&secid=1.603459&beg=20230113&end=20260512 (Caused by ProxyError('Unable to connect to proxy', RemoteDisconnected('Remote end closed connection without response')))
[2026-05-12 22:17:20]   🔄 akshare数据不足，尝试新浪...
[2026-05-12 22:17:20]   ❌ 获取数据失败 603459
[2026-05-12 22:17:20] 进度: 17/344 | 成功: 0 | 失败: 17 | 速度: 1.2/秒 | 预计: 4.7分钟
[2026-05-12 22:17:20]   📥 全量同步 688635...
[2026-05-12 22:17:21]   ⚠️ akshare获取失败 688635: HTTPSConnectionPool(host='push2his.eastmoney.com', port=443): Max retries exceeded with url: /api/qt/stock/kline/get?fields1=f1%2Cf2%2Cf3%2Cf4%2Cf5%2Cf6&fields2=f51%2Cf52%2Cf53%2Cf54%2Cf55%2Cf56%2Cf57%2Cf58%2Cf59%2Cf60%2Cf61%2Cf116&ut=7eea3edcaed734bea9cbfc24409ed989&klt=101&fqt=1&secid=1.688635&beg=20230113&end=20260512 (Caused by ProxyError('Unable to connect to proxy', RemoteDisconnected('Remote end closed connection without response')))
[2026-05-12 22:17:21]   🔄 akshare数据不足，尝试新浪...
[2026-05-12 22:17:21]   ❌ 获取数据失败 688635
[2026-05-12 22:17:21] 进度: 18/344 | 成功: 0 | 失败: 18 | 速度: 1.2/秒 | 预计: 4.7分钟
[2026-05-12 22:17:21]   📥 全量同步 688781...
[2026-05-12 22:17:21]   ⚠️ akshare获取失败 688781: HTTPSConnectionPool(host='push2his.eastmoney.com', port=443): Max retries exceeded with url: /api/qt/stock/kline/get?fields1=f1%2Cf2%2Cf3%2Cf4%2Cf5%2Cf6&fields2=f51%2Cf52%2Cf53%2Cf54%2Cf55%2Cf56%2Cf57%2Cf58%2Cf59%2Cf60%2Cf61%2Cf116&ut=7eea3edcaed734bea9cbfc24409ed989&klt=101&fqt=1&secid=1.688781&beg=20230113&end=20260512 (Caused by ProxyError('Unable to connect to proxy', RemoteDisconnected('Remote end closed connection without response')))
[2026-05-12 22:17:21]   🔄 akshare数据不足，尝试新浪...
[2026-05-12 22:17:22]   ❌ 获取数据失败 688781
[2026-05-12 22:17:22] 进度: 19/344 | 成功: 0 | 失败: 19 | 速度: 1.2/秒 | 预计: 4.6分钟
[2026-05-12 22:17:22]   📥 全量同步 688808...
[2026-05-12 22:17:22]   ⚠️ akshare获取失败 688808: HTTPSConnectionPool(host='push2his.eastmoney.com', port=443): Max retries exceeded with url: /api/qt/stock/kline/get?fields1=f1%2Cf2%2Cf3%2Cf4%2Cf5%2Cf6&fields2=f51%2Cf52%2Cf53%2Cf54%2Cf55%2Cf56%2Cf57%2Cf58%2Cf59%2Cf60%2Cf61%2Cf116&ut=7eea3edcaed734bea9cbfc24409ed989&klt=101&fqt=1&secid=1.688808&beg=20230113&end=20260512 (Caused by ProxyError('Unable to connect to proxy', RemoteDisconnected('Remote end closed connection without response')))
[2026-05-12 22:17:22]   🔄 akshare数据不足，尝试新浪...
[2026-05-12 22:17:22]   ❌ 获取数据失败 688808
[2026-05-12 22:17:22] 进度: 20/344 | 成功: 0 | 失败: 20 | 速度: 1.2/秒 | 预计: 4.6分钟
[2026-05-12 22:17:23]   📥 全量同步 688811...
[2026-05-12 22:17:23]   ⚠️ akshare获取失败 688811: HTTPSConnectionPool(host='push2his.eastmoney.com', port=443): Max retries exceeded with url: /api/qt/stock/kline/get?fields1=f1%2Cf2%2Cf3%2Cf4%2Cf5%2Cf6&fields2=f51%2Cf52%2Cf53%2Cf54%2Cf55%2Cf56%2Cf57%2Cf58%2Cf59%2Cf60%2Cf61%2Cf116&ut=7eea3edcaed734bea9cbfc24409ed989&klt=101&fqt=1&secid=1.688811&beg=20230113&end=20260512 (Caused by ProxyError('Unable to connect to proxy', RemoteDisconnected('Remote end closed connection without response')))
[2026-05-12 22:17:23]   🔄 akshare数据不足，尝试新浪...
[2026-05-12 22:17:23]   ❌ 获取数据失败 688811
[2026-05-12 22:17:23] 进度: 21/344 | 成功: 0 | 失败: 21 | 速度: 1.2/秒 | 预计: 4.6分钟
[2026-05-12 22:17:24]   📥 全量同步 688813...
[2026-05-12 22:17:24]   ⚠️ akshare获取失败 688813: HTTPSConnectionPool(host='push2his.eastmoney.com', port=443): Max retries exceeded with url: /api/qt/stock/kline/get?fields1=f1%2Cf2%2Cf3%2Cf4%2Cf5%2Cf6&fields2=f51%2Cf52%2Cf53%2Cf54%2Cf55%2Cf56%2Cf57%2Cf58%2Cf59%2Cf60%2Cf61%2Cf116&ut=7eea3edcaed734bea9cbfc24409ed989&klt=101&fqt=1&secid=1.688813&beg=20230113&end=20260512 (Caused by ProxyError('Unable to connect to proxy', RemoteDisconnected('Remote end closed connection without response')))
[2026-05-12 22:17:24]   🔄 akshare数据不足，尝试新浪...
[2026-05-12 22:17:24]   ❌ 获取数据失败 688813
[2026-05-12 22:17:24] 进度: 22/344 | 成功: 0 | 失败: 22 | 速度: 1.2/秒 | 预计: 4.6分钟
[2026-05-12 22:17:24]   📥 全量同步 688820...
[2026-05-12 22:17:25]   ⚠️ akshare获取失败 688820: HTTPSConnectionPool(host='push2his.eastmoney.com', port=443): Max retries exceeded with url: /api/qt/stock/kline/get?fields1=f1%2Cf2%2Cf3%2Cf4%2Cf5%2Cf6&fields2=f51%2Cf52%2Cf53%2Cf54%2Cf55%2Cf56%2Cf57%2Cf58%2Cf59%2Cf60%2Cf61%2Cf116&ut=7eea3edcaed734bea9cbfc24409ed989&klt=101&fqt=1&secid=1.688820&beg=20230113&end=20260512 (Caused by ProxyError('Unable to connect to proxy', RemoteDisconnected('Remote end closed connection without response')))
[2026-05-12 22:17:25]   🔄 akshare数据不足，尝试新浪...
[2026-05-12 22:17:25]   ❌ 获取数据失败 688820
[2026-05-12 22:17:25] 进度: 23/344 | 成功: 0 | 失败: 23 | 速度: 1.2/秒 | 预计: 4.6分钟
[2026-05-12 22:17:25]   📥 全量同步 810011...
[2026-05-12 22:17:26]   ⚠️ akshare获取失败 810011: HTTPSConnectionPool(host='push2his.eastmoney.com', port=443): Max retries exceeded with url: /api/qt/stock/kline/get?fields1=f1%2Cf2%2Cf3%2Cf4%2Cf5%2Cf6&fields2=f51%2Cf52%2Cf53%2Cf54%2Cf55%2Cf56%2Cf57%2Cf58%2Cf59%2Cf60%2Cf61%2Cf116&ut=7eea3edcaed734bea9cbfc24409ed989&klt=101&fqt=1&secid=0.810011&beg=20230113&end=20260512 (Caused by ProxyError('Unable to connect to proxy', RemoteDisconnected('Remote end closed connection without response')))
[2026-05-12 22:17:26]   🔄 akshare数据不足，尝试新浪...
[2026-05-12 22:17:27]   ❌ 获取数据失败 810011
[2026-05-12 22:17:27] 进度: 24/344 | 成功: 0 | 失败: 24 | 速度: 1.1/秒 | 预计: 4.7分钟
[2026-05-12 22:17:27]   📥 全量同步 810013...
[2026-05-12 22:17:27]   ⚠️ akshare获取失败 810013: HTTPSConnectionPool(host='push2his.eastmoney.com', port=443): Max retries exceeded with url: /api/qt/stock/kline/get?fields1=f1%2Cf2%2Cf3%2Cf4%2Cf5%2Cf6&fields2=f51%2Cf52%2Cf53%2Cf54%2Cf55%2Cf56%2Cf57%2Cf58%2Cf59%2Cf60%2Cf61%2Cf116&ut=7eea3edcaed734bea9cbfc24409ed989&klt=101&fqt=1&secid=0.810013&beg=20230113&end=20260512 (Caused by ProxyError('Unable to connect to proxy', RemoteDisconnected('Remote end closed connection without response')))
[2026-05-12 22:17:27]   🔄 akshare数据不足，尝试新浪...
[2026-05-12 22:17:27]   ❌ 获取数据失败 810013
[2026-05-12 22:17:27] 进度: 25/344 | 成功: 0 | 失败: 25 | 速度: 1.1/秒 | 预计: 4.7分钟
[2026-05-12 22:17:28]   📥 全量同步 810014...
[2026-05-12 22:17:28]   ⚠️ akshare获取失败 810014: HTTPSConnectionPool(host='push2his.eastmoney.com', port=443): Max retries exceeded with url: /api/qt/stock/kline/get?fields1=f1%2Cf2%2Cf3%2Cf4%2Cf5%2Cf6&fields2=f51%2Cf52%2Cf53%2Cf54%2Cf55%2Cf56%2Cf57%2Cf58%2Cf59%2Cf60%2Cf61%2Cf116&ut=7eea3edcaed734bea9cbfc24409ed989&klt=101&fqt=1&secid=0.810014&beg=20230113&end=20260512 (Caused by ProxyError('Unable to connect to proxy', RemoteDisconnected('Remote end closed connection without response')))
[2026-05-12 22:17:28]   🔄 akshare数据不足，尝试新浪...
[2026-05-12 22:17:29]   ❌ 获取数据失败 810014
[2026-05-12 22:17:29] 进度: 26/344 | 成功: 0 | 失败: 26 | 速度: 1.1/秒 | 预计: 4.8分钟
[2026-05-12 22:17:29]   📥 全量同步 832317...
[2026-05-12 22:17:30]   ⚠️ akshare获取失败 832317: HTTPSConnectionPool(host='push2his.eastmoney.com', port=443): Max retries exceeded with url: /api/qt/stock/kline/get?fields1=f1%2Cf2%2Cf3%2Cf4%2Cf5%2Cf6&fields2=f51%2Cf52%2Cf53%2Cf54%2Cf55%2Cf56%2Cf57%2Cf58%2Cf59%2Cf60%2Cf61%2Cf116&ut=7eea3edcaed734bea9cbfc24409ed989&klt=101&fqt=1&secid=0.832317&beg=20230113&end=20260512 (Caused by ProxyError('Unable to connect to proxy', RemoteDisconnected('Remote end closed connection without response')))
[2026-05-12 22:17:30]   🔄 akshare数据不足，尝试新浪...
[2026-05-12 22:17:30]   ❌ 获取数据失败 832317
[2026-05-12 22:17:30] 进度: 27/344 | 成功: 0 | 失败: 27 | 速度: 1.1/秒 | 预计: 4.8分钟
[2026-05-12 22:17:30]   📥 全量同步 833874...
[2026-05-12 22:17:31]   ⚠️ akshare获取失败 833874: HTTPSConnectionPool(host='push2his.eastmoney.com', port=443): Max retries exceeded with url: /api/qt/stock/kline/get?fields1=f1%2Cf2%2Cf3%2Cf4%2Cf5%2Cf6&fields2=f51%2Cf52%2Cf53%2Cf54%2Cf55%2Cf56%2Cf57%2Cf58%2Cf59%2Cf60%2Cf61%2Cf116&ut=7eea3edcaed734bea9cbfc24409ed989&klt=101&fqt=1&secid=0.833874&beg=20230113&end=20260512 (Caused by ProxyError('Unable to connect to proxy', RemoteDisconnected('Remote end closed connection without response')))
[2026-05-12 22:17:31]   🔄 akshare数据不足，尝试新浪...
[2026-05-12 22:17:31]   ❌ 获取数据失败 833874
[2026-05-12 22:17:31] 进度: 28/344 | 成功: 0 | 失败: 28 | 速度: 1.1/秒 | 预计: 4.8分钟
[2026-05-12 22:17:31]   📥 全量同步 833994...
[2026-05-12 22:17:32]   ⚠️ akshare获取失败 833994: HTTPSConnectionPool(host='push2his.eastmoney.com', port=443): Max retries exceeded with url: /api/qt/stock/kline/get?fields1=f1%2Cf2%2Cf3%2Cf4%2Cf5%2Cf6&fields2=f51%2Cf52%2Cf53%2Cf54%2Cf55%2Cf56%2Cf57%2Cf58%2Cf59%2Cf60%2Cf61%2Cf116&ut=7eea3edcaed734bea9cbfc24409ed989&klt=101&fqt=1&secid=0.833994&beg=20230113&end=20260512 (Caused by ProxyError('Unable to connect to proxy', RemoteDisconnected('Remote end closed connection without response')))
[2026-05-12 22:17:32]   🔄 akshare数据不足，尝试新浪...
[2026-05-12 22:17:32]   ❌ 获取数据失败 833994
[2026-05-12 22:17:32] 进度: 29/344 | 成功: 0 | 失败: 29 | 速度: 1.1/秒 | 预计: 4.8分钟
[2026-05-12 22:17:32]   📥 全量同步 920000...
[2026-05-12 22:17:33]   ⚠️ akshare获取失败 920000: HTTPSConnectionPool(host='push2his.eastmoney.com', port=443): Max retries exceeded with url: /api/qt/stock/kline/get?fields1=f1%2Cf2%2Cf3%2Cf4%2Cf5%2Cf6&fields2=f51%2Cf52%2Cf53%2Cf54%2Cf55%2Cf56%2Cf57%2Cf58%2Cf59%2Cf60%2Cf61%2Cf116&ut=7eea3edcaed734bea9cbfc24409ed989&klt=101&fqt=1&secid=0.920000&beg=20230113&end=20260512 (Caused by ProxyError('Unable to connect to proxy', RemoteDisconnected('Remote end closed connection without response')))
[2026-05-12 22:17:33]   🔄 akshare数据不足，尝试新浪...
[2026-05-12 22:17:33]   ❌ 获取数据失败 920000
[2026-05-12 22:17:33] 进度: 30/344 | 成功: 0 | 失败: 30 | 速度: 1.1/秒 | 预计: 4.8分钟
[2026-05-12 22:17:33]   📥 全量同步 920001...
[2026-05-12 22:17:33]   ⚠️ akshare获取失败 920001: HTTPSConnectionPool(host='push2his.eastmoney.com', port=443): Max retries exceeded with url: /api/qt/stock/kline/get?fields1=f1%2Cf2%2Cf3%2Cf4%2Cf5%2Cf6&fields2=f51%2Cf52%2Cf53%2Cf54%2Cf55%2Cf56%2Cf57%2Cf58%2Cf59%2Cf60%2Cf61%2Cf116&ut=7eea3edcaed734bea9cbfc24409ed989&klt=101&fqt=1&secid=0.920001&beg=20230113&end=20260512 (Caused by ProxyError('Unable to connect to proxy', RemoteDisconnected('Remote end closed connection without response')))
[2026-05-12 22:17:33]   🔄 akshare数据不足，尝试新浪...
[2026-05-12 22:17:34]   ❌ 获取数据失败 920001
[2026-05-12 22:17:34] 进度: 31/344 | 成功: 0 | 失败: 31 | 速度: 1.1/秒 | 预计: 4.8分钟
[2026-05-12 22:17:34]   📥 全量同步 920002...
[2026-05-12 22:17:34]   ⚠️ akshare获取失败 920002: HTTPSConnectionPool(host='push2his.eastmoney.com', port=443): Max retries exceeded with url: /api/qt/stock/kline/get?fields1=f1%2Cf2%2Cf3%2Cf4%2Cf5%2Cf6&fields2=f51%2Cf52%2Cf53%2Cf54%2Cf55%2Cf56%2Cf57%2Cf58%2Cf59%2Cf60%2Cf61%2Cf116&ut=7eea3edcaed734bea9cbfc24409ed989&klt=101&fqt=1&secid=0.920002&beg=20230113&end=20260512 (Caused by ProxyError('Unable to connect to proxy', RemoteDisconnected('Remote end closed connection without response')))
[2026-05-12 22:17:34]   🔄 akshare数据不足，尝试新浪...
[2026-05-12 22:17:34]   ❌ 获取数据失败 920002
[2026-05-12 22:17:34] 进度: 32/344 | 成功: 0 | 失败: 32 | 速度: 1.1/秒 | 预计: 4.7分钟
[2026-05-12 22:17:35]   📥 全量同步 920003...
[2026-05-12 22:17:35]   ⚠️ akshare获取失败 920003: HTTPSConnectionPool(host='push2his.eastmoney.com', port=443): Max retries exceeded with url: /api/qt/stock/kline/get?fields1=f1%2Cf2%2Cf3%2Cf4%2Cf5%2Cf6&fields2=f51%2Cf52%2Cf53%2Cf54%2Cf55%2Cf56%2Cf57%2Cf58%2Cf59%2Cf60%2Cf61%2Cf116&ut=7eea3edcaed734bea9cbfc24409ed989&klt=101&fqt=1&secid=0.920003&beg=20230113&end=20260512 (Caused by ProxyError('Unable to connect to proxy', RemoteDisconnected('Remote end closed connection without response')))
[2026-05-12 22:17:35]   🔄 akshare数据不足，尝试新浪...
[2026-05-12 22:17:36]   ❌ 获取数据失败 920003
[2026-05-12 22:17:36] 进度: 33/344 | 成功: 0 | 失败: 33 | 速度: 1.1/秒 | 预计: 4.9分钟
[2026-05-12 22:17:37]   📥 全量同步 920005...
[2026-05-12 22:17:37]   ⚠️ akshare获取失败 920005: HTTPSConnectionPool(host='push2his.eastmoney.com', port=443): Max retries exceeded with url: /api/qt/stock/kline/get?fields1=f1%2Cf2%2Cf3%2Cf4%2Cf5%2Cf6&fields2=f51%2Cf52%2Cf53%2Cf54%2Cf55%2Cf56%2Cf57%2Cf58%2Cf59%2Cf60%2Cf61%2Cf116&ut=7eea3edcaed734bea9cbfc24409ed989&klt=101&fqt=1&secid=0.920005&beg=20230113&end=20260512 (Caused by ProxyError('Unable to connect to proxy', RemoteDisconnected('Remote end closed connection without response')))
[2026-05-12 22:17:37]   🔄 akshare数据不足，尝试新浪...
[2026-05-12 22:17:37]   ❌ 获取数据失败 920005
[2026-05-12 22:17:37] 进度: 34/344 | 成功: 0 | 失败: 34 | 速度: 1.1/秒 | 预计: 4.8分钟
[2026-05-12 22:17:37]   📥 全量同步 920006...
[2026-05-12 22:17:38]   ⚠️ akshare获取失败 920006: HTTPSConnectionPool(host='push2his.eastmoney.com', port=443): Max retries exceeded with url: /api/qt/stock/kline/get?fields1=f1%2Cf2%2Cf3%2Cf4%2Cf5%2Cf6&fields2=f51%2Cf52%2Cf53%2Cf54%2Cf55%2Cf56%2Cf57%2Cf58%2Cf59%2Cf60%2Cf61%2Cf116&ut=7eea3edcaed734bea9cbfc24409ed989&klt=101&fqt=1&secid=0.920006&beg=20230113&end=20260512 (Caused by ProxyError('Unable to connect to proxy', RemoteDisconnected('Remote end closed connection without response')))
[2026-05-12 22:17:38]   🔄 akshare数据不足，尝试新浪...
[2026-05-12 22:17:38]   ❌ 获取数据失败 920006
[2026-05-12 22:17:38] 进度: 35/344 | 成功: 0 | 失败: 35 | 速度: 1.1/秒 | 预计: 4.8分钟
[2026-05-12 22:17:38]   📥 全量同步 920007...
[2026-05-12 22:17:39]   ⚠️ akshare获取失败 920007: HTTPSConnectionPool(host='push2his.eastmoney.com', port=443): Max retries exceeded with url: /api/qt/stock/kline/get?fields1=f1%2Cf2%2Cf3%2Cf4%2Cf5%2Cf6&fields2=f51%2Cf52%2Cf53%2Cf54%2Cf55%2Cf56%2Cf57%2Cf58%2Cf59%2Cf60%2Cf61%2Cf116&ut=7eea3edcaed734bea9cbfc24409ed989&klt=101&fqt=1&secid=0.920007&beg=20230113&end=20260512 (Caused by ProxyError('Unable to connect to proxy', RemoteDisconnected('Remote end closed connection without response')))
[2026-05-12 22:17:39]   🔄 akshare数据不足，尝试新浪...
[2026-05-12 22:17:39]   ❌ 获取数据失败 920007
[2026-05-12 22:17:39] 进度: 36/344 | 成功: 0 | 失败: 36 | 速度: 1.1/秒 | 预计: 4.7分钟
[2026-05-12 22:17:39]   📥 全量同步 920008...
[2026-05-12 22:17:39]   ⚠️ akshare获取失败 920008: HTTPSConnectionPool(host='push2his.eastmoney.com', port=443): Max retries exceeded with url: /api/qt/stock/kline/get?fields1=f1%2Cf2%2Cf3%2Cf4%2Cf5%2Cf6&fields2=f51%2Cf52%2Cf53%2Cf54%2Cf55%2Cf56%2Cf57%2Cf58%2Cf59%2Cf60%2Cf61%2Cf116&ut=7eea3edcaed734bea9cbfc24409ed989&klt=101&fqt=1&secid=0.920008&beg=20230113&end=20260512 (Caused by ProxyError('Unable to connect to proxy', RemoteDisconnected('Remote end closed connection without response')))
[2026-05-12 22:17:39]   🔄 akshare数据不足，尝试新浪...
[2026-05-12 22:17:39]   ❌ 获取数据失败 920008
[2026-05-12 22:17:39] 进度: 37/344 | 成功: 0 | 失败: 37 | 速度: 1.1/秒 | 预计: 4.7分钟
[2026-05-12 22:17:40]   📥 全量同步 920009...
[2026-05-12 22:17:40]   ⚠️ akshare获取失败 920009: HTTPSConnectionPool(host='push2his.eastmoney.com', port=443): Max retries exceeded with url: /api/qt/stock/kline/get?fields1=f1%2Cf2%2Cf3%2Cf4%2Cf5%2Cf6&fields2=f51%2Cf52%2Cf53%2Cf54%2Cf55%2Cf56%2Cf57%2Cf58%2Cf59%2Cf60%2Cf61%2Cf116&ut=7eea3edcaed734bea9cbfc24409ed989&klt=101&fqt=1&secid=0.920009&beg=20230113&end=20260512 (Caused by ProxyError('Unable to connect to proxy', RemoteDisconnected('Remote end closed connection without response')))
[2026-05-12 22:17:40]   🔄 akshare数据不足，尝试新浪...
[2026-05-12 22:17:40]   ❌ 获取数据失败 920009
[2026-05-12 22:17:40] 进度: 38/344 | 成功: 0 | 失败: 38 | 速度: 1.1/秒 | 预计: 4.7分钟
[2026-05-12 22:17:40]   📥 全量同步 920010...
[2026-05-12 22:17:41]   ⚠️ akshare获取失败 920010: HTTPSConnectionPool(host='push2his.eastmoney.com', port=443): Max retries exceeded with url: /api/qt/stock/kline/get?fields1=f1%2Cf2%2Cf3%2Cf4%2Cf5%2Cf6&fields2=f51%2Cf52%2Cf53%2Cf54%2Cf55%2Cf56%2Cf57%2Cf58%2Cf59%2Cf60%2Cf61%2Cf116&ut=7eea3edcaed734bea9cbfc24409ed989&klt=101&fqt=1&secid=0.920010&beg=20230113&end=20260512 (Caused by ProxyError('Unable to connect to proxy', RemoteDisconnected('Remote end closed connection without response')))
[2026-05-12 22:17:41]   🔄 akshare数据不足，尝试新浪...
[2026-05-12 22:17:42]   ❌ 获取数据失败 920010
[2026-05-12 22:17:42] 进度: 39/344 | 成功: 0 | 失败: 39 | 速度: 1.1/秒 | 预计: 4.8分钟
[2026-05-12 22:17:42]   📥 全量同步 920011...
[2026-05-12 22:17:42]   ⚠️ akshare获取失败 920011: HTTPSConnectionPool(host='push2his.eastmoney.com', port=443): Max retries exceeded with url: /api/qt/stock/kline/get?fields1=f1%2Cf2%2Cf3%2Cf4%2Cf5%2Cf6&fields2=f51%2Cf52%2Cf53%2Cf54%2Cf55%2Cf56%2Cf57%2Cf58%2Cf59%2Cf60%2Cf61%2Cf116&ut=7eea3edcaed734bea9cbfc24409ed989&klt=101&fqt=1&secid=0.920011&beg=20230113&end=20260512 (Caused by ProxyError('Unable to connect to proxy', RemoteDisconnected('Remote end closed connection without response')))
[2026-05-12 22:17:42]   🔄 akshare数据不足，尝试新浪...
[2026-05-12 22:17:43]   ❌ 获取数据失败 920011
[2026-05-12 22:17:43] 进度: 40/344 | 成功: 0 | 失败: 40 | 速度: 1.1/秒 | 预计: 4.7分钟
[2026-05-12 22:17:43]   📥 全量同步 920012...
[2026-05-12 22:17:43]   ⚠️ akshare获取失败 920012: HTTPSConnectionPool(host='push2his.eastmoney.com', port=443): Max retries exceeded with url: /api/qt/stock/kline/get?fields1=f1%2Cf2%2Cf3%2Cf4%2Cf5%2Cf6&fields2=f51%2Cf52%2Cf53%2Cf54%2Cf55%2Cf56%2Cf57%2Cf58%2Cf59%2Cf60%2Cf61%2Cf116&ut=7eea3edcaed734bea9cbfc24409ed989&klt=101&fqt=1&secid=0.920012&beg=20230113&end=20260512 (Caused by ProxyError('Unable to connect to proxy', RemoteDisconnected('Remote end closed connection without response')))
[2026-05-12 22:17:43]   🔄 akshare数据不足，尝试新浪...
[2026-05-12 22:17:43]   ❌ 获取数据失败 920012
[2026-05-12 22:17:43] 进度: 41/344 | 成功: 0 | 失败: 41 | 速度: 1.1/秒 | 预计: 4.7分钟
[2026-05-12 22:17:44]   📥 全量同步 920014...
[2026-05-12 22:17:45]   ⚠️ akshare获取失败 920014: HTTPSConnectionPool(host='push2his.eastmoney.com', port=443): Max retries exceeded with url: /api/qt/stock/kline/get?fields1=f1%2Cf2%2Cf3%2Cf4%2Cf5%2Cf6&fields2=f51%2Cf52%2Cf53%2Cf54%2Cf55%2Cf56%2Cf57%2Cf58%2Cf59%2Cf60%2Cf61%2Cf116&ut=7eea3edcaed734bea9cbfc24409ed989&klt=101&fqt=1&secid=0.920014&beg=20230113&end=20260512 (Caused by ProxyError('Unable to connect to proxy', RemoteDisconnected('Remote end closed connection without response')))
[2026-05-12 22:17:45]   🔄 akshare数据不足，尝试新浪...
[2026-05-12 22:17:45]   ❌ 获取数据失败 920014
[2026-05-12 22:17:45] 进度: 42/344 | 成功: 0 | 失败: 42 | 速度: 1.1/秒 | 预计: 4.7分钟
[2026-05-12 22:17:45]   📥 全量同步 920015...
[2026-05-12 22:17:45]   ⚠️ akshare获取失败 920015: HTTPSConnectionPool(host='push2his.eastmoney.com', port=443): Max retries exceeded with url: /api/qt/stock/kline/get?fields1=f1%2Cf2%2Cf3%2Cf4%2Cf5%2Cf6&fields2=f51%2Cf52%2Cf53%2Cf54%2Cf55%2Cf56%2Cf57%2Cf58%2Cf59%2Cf60%2Cf61%2Cf116&ut=7eea3edcaed734bea9cbfc24409ed989&klt=101&fqt=1&secid=0.920015&beg=20230113&end=20260512 (Caused by ProxyError('Unable to connect to proxy', RemoteDisconnected('Remote end closed connection without response')))
[2026-05-12 22:17:45]   🔄 akshare数据不足，尝试新浪...
[2026-05-12 22:17:45]   ❌ 获取数据失败 920015
[2026-05-12 22:17:45] 进度: 43/344 | 成功: 0 | 失败: 43 | 速度: 1.1/秒 | 预计: 4.7分钟
[2026-05-12 22:17:46]   📥 全量同步 920016...
[2026-05-12 22:17:47]   ⚠️ akshare获取失败 920016: HTTPSConnectionPool(host='push2his.eastmoney.com', port=443): Max retries exceeded with url: /api/qt/stock/kline/get?fields1=f1%2Cf2%2Cf3%2Cf4%2Cf5%2Cf6&fields2=f51%2Cf52%2Cf53%2Cf54%2Cf55%2Cf56%2Cf57%2Cf58%2Cf59%2Cf60%2Cf61%2Cf116&ut=7eea3edcaed734bea9cbfc24409ed989&klt=101&fqt=1&secid=0.920016&beg=20230113&end=20260512 (Caused by ProxyError('Unable to connect to proxy', RemoteDisconnected('Remote end closed connection without response')))
[2026-05-12 22:17:47]   🔄 akshare数据不足，尝试新浪...
[2026-05-12 22:17:47]   ❌ 获取数据失败 920016
[2026-05-12 22:17:47] 进度: 44/344 | 成功: 0 | 失败: 44 | 速度: 1.1/秒 | 预计: 4.7分钟
[2026-05-12 22:17:47]   📥 全量同步 920017...
[2026-05-12 22:17:48]   ⚠️ akshare获取失败 920017: HTTPSConnectionPool(host='push2his.eastmoney.com', port=443): Max retries exceeded with url: /api/qt/stock/kline/get?fields1=f1%2Cf2%2Cf3%2Cf4%2Cf5%2Cf6&fields2=f51%2Cf52%2Cf53%2Cf54%2Cf55%2Cf56%2Cf57%2Cf58%2Cf59%2Cf60%2Cf61%2Cf116&ut=7eea3edcaed734bea9cbfc24409ed989&klt=101&fqt=1&secid=0.920017&beg=20230113&end=20260512 (Caused by ProxyError('Unable to connect to proxy', RemoteDisconnected('Remote end closed connection without response')))
[2026-05-12 22:17:48]   🔄 akshare数据不足，尝试新浪...
[2026-05-12 22:17:48]   ❌ 获取数据失败 920017
[2026-05-12 22:17:48] 进度: 45/344 | 成功: 0 | 失败: 45 | 速度: 1.1/秒 | 预计: 4.7分钟
[2026-05-12 22:17:48]   📥 全量同步 920018...
[2026-05-12 22:17:49]   ⚠️ akshare获取失败 920018: HTTPSConnectionPool(host='push2his.eastmoney.com', port=443): Max retries exceeded with url: /api/qt/stock/kline/get?fields1=f1%2Cf2%2Cf3%2Cf4%2Cf5%2Cf6&fields2=f51%2Cf52%2Cf53%2Cf54%2Cf55%2Cf56%2Cf57%2Cf58%2Cf59%2Cf60%2Cf61%2Cf116&ut=7eea3edcaed734bea9cbfc24409ed989&klt=101&fqt=1&secid=0.920018&beg=20230113&end=20260512 (Caused by ProxyError('Unable to connect to proxy', RemoteDisconnected('Remote end closed connection without response')))
[2026-05-12 22:17:49]   🔄 akshare数据不足，尝试新浪...
[2026-05-12 22:17:49]   ❌ 获取数据失败 920018
[2026-05-12 22:17:49] 进度: 46/344 | 成功: 0 | 失败: 46 | 速度: 1.1/秒 | 预计: 4.7分钟
