[2026-05-12 00:18:00] ============================================================
[2026-05-12 00:18:00] 📈 A股日线数据全量同步开始
[2026-05-12 00:18:00] ============================================================
[2026-05-12 00:18:00] 📊 数据库公司总数: 5850
[2026-05-12 00:18:00] 📁 本地已有文件: 134 个
[2026-05-12 00:18:00] 🔍 待同步股票: 5716 只
[2026-05-12 00:18:00] ⏳ 开始同步...
[2026-05-12 00:18:00] ============================================================
[2026-05-12 00:18:05] 进度: 10/5716 | 成功: 10 | 失败: 0 | 速度: 2.0/秒 | 预计剩余: 47.1分钟
[2026-05-12 00:18:10] 进度: 20/5716 | 成功: 20 | 失败: 0 | 速度: 2.1/秒 | 预计剩余: 46.2分钟
[2026-05-12 00:18:14] 进度: 30/5716 | 成功: 30 | 失败: 0 | 速度: 2.1/秒 | 预计剩余: 44.3分钟
[2026-05-12 00:18:19] 进度: 40/5716 | 成功: 40 | 失败: 0 | 速度: 2.2/秒 | 预计剩余: 43.3分钟
[2026-05-12 00:18:23] 进度: 50/5716 | 成功: 50 | 失败: 0 | 速度: 2.2/秒 | 预计剩余: 42.8分钟
[2026-05-12 00:18:27] 进度: 60/5716 | 成功: 60 | 失败: 0 | 速度: 2.2/秒 | 预计剩余: 42.3分钟
[2026-05-12 00:18:32] 进度: 70/5716 | 成功: 70 | 失败: 0 | 速度: 2.2/秒 | 预计剩余: 42.2分钟
[2026-05-12 00:18:36] 进度: 80/5716 | 成功: 80 | 失败: 0 | 速度: 2.2/秒 | 预计剩余: 41.8分钟
[2026-05-12 00:18:40] 进度: 90/5716 | 成功: 90 | 失败: 0 | 速度: 2.3/秒 | 预计剩余: 41.5分钟
[2026-05-12 00:18:44] 进度: 100/5716 | 成功: 100 | 失败: 0 | 速度: 2.3/秒 | 预计剩余: 41.3分钟
[2026-05-12 00:18:49] 进度: 110/5716 | 成功: 110 | 失败: 0 | 速度: 2.3/秒 | 预计剩余: 41.1分钟
[2026-05-12 00:18:53] 进度: 120/5716 | 成功: 120 | 失败: 0 | 速度: 2.3/秒 | 预计剩余: 40.8分钟
[2026-05-12 00:18:57] 进度: 130/5716 | 成功: 130 | 失败: 0 | 速度: 2.3/秒 | 预计剩余: 40.6分钟
[2026-05-12 00:19:01] 进度: 140/5716 | 成功: 140 | 失败: 0 | 速度: 2.3/秒 | 预计剩余: 40.4分钟
[2026-05-12 00:19:05] 进度: 150/5716 | 成功: 150 | 失败: 0 | 速度: 2.3/秒 | 预计剩余: 40.3分钟
[2026-05-12 00:19:10] 进度: 160/5716 | 成功: 160 | 失败: 0 | 速度: 2.3/秒 | 预计剩余: 40.1分钟
[2026-05-12 00:19:14] 进度: 170/5716 | 成功: 170 | 失败: 0 | 速度: 2.3/秒 | 预计剩余: 40.0分钟
[2026-05-12 00:19:18] 进度: 180/5716 | 成功: 180 | 失败: 0 | 速度: 2.3/秒 | 预计剩余: 39.9分钟
[2026-05-12 00:19:22] 进度: 190/5716 | 成功: 190 | 失败: 0 | 速度: 2.3/秒 | 预计剩余: 39.8分钟
[2026-05-12 00:19:27] 进度: 200/5716 | 成功: 200 | 失败: 0 | 速度: 2.3/秒 | 预计剩余: 39.7分钟
[2026-05-12 00:19:31] 进度: 210/5716 | 成功: 210 | 失败: 0 | 速度: 2.3/秒 | 预计剩余: 39.6分钟
[2026-05-12 00:19:35] 进度: 220/5716 | 成功: 220 | 失败: 0 | 速度: 2.3/秒 | 预计剩余: 39.5分钟
[2026-05-12 00:19:40] 进度: 230/5716 | 成功: 230 | 失败: 0 | 速度: 2.3/秒 | 预计剩余: 39.5分钟
[2026-05-12 00:19:44] 进度: 240/5716 | 成功: 240 | 失败: 0 | 速度: 2.3/秒 | 预计剩余: 39.6分钟
[2026-05-12 00:19:49] 进度: 250/5716 | 成功: 250 | 失败: 0 | 速度: 2.3/秒 | 预计剩余: 39.6分钟
[2026-05-12 00:19:53] 进度: 260/5716 | 成功: 260 | 失败: 0 | 速度: 2.3/秒 | 预计剩余: 39.5分钟
[2026-05-12 00:19:57] 进度: 270/5716 | 成功: 270 | 失败: 0 | 速度: 2.3/秒 | 预计剩余: 39.4分钟
[2026-05-12 00:20:02] 进度: 280/5716 | 成功: 280 | 失败: 0 | 速度: 2.3/秒 | 预计剩余: 39.3分钟
[2026-05-12 00:20:06] 进度: 290/5716 | 成功: 290 | 失败: 0 | 速度: 2.3/秒 | 预计剩余: 39.3分钟
[2026-05-12 00:20:11] 进度: 300/5716 | 成功: 300 | 失败: 0 | 速度: 2.3/秒 | 预计剩余: 39.2分钟
[2026-05-12 00:20:15] 进度: 310/5716 | 成功: 310 | 失败: 0 | 速度: 2.3/秒 | 预计剩余: 39.2分钟
[2026-05-12 00:20:20] 进度: 320/5716 | 成功: 320 | 失败: 0 | 速度: 2.3/秒 | 预计剩余: 39.4分钟
[2026-05-12 00:20:25] 进度: 330/5716 | 成功: 330 | 失败: 0 | 速度: 2.3/秒 | 预计剩余: 39.3分钟
[2026-05-12 00:20:29] 进度: 340/5716 | 成功: 340 | 失败: 0 | 速度: 2.3/秒 | 预计剩余: 39.1分钟
[2026-05-12 00:20:33] 进度: 350/5716 | 成功: 350 | 失败: 0 | 速度: 2.3/秒 | 预计剩余: 39.0分钟
[2026-05-12 00:20:37] 进度: 360/5716 | 成功: 360 | 失败: 0 | 速度: 2.3/秒 | 预计剩余: 39.0分钟
[2026-05-12 00:20:42] 进度: 370/5716 | 成功: 370 | 失败: 0 | 速度: 2.3/秒 | 预计剩余: 38.9分钟
[2026-05-12 00:20:46] 进度: 380/5716 | 成功: 380 | 失败: 0 | 速度: 2.3/秒 | 预计剩余: 38.8分钟
[2026-05-12 00:20:50] 进度: 390/5716 | 成功: 390 | 失败: 0 | 速度: 2.3/秒 | 预计剩余: 38.7分钟
[2026-05-12 00:20:54] 进度: 400/5716 | 成功: 400 | 失败: 0 | 速度: 2.3/秒 | 预计剩余: 38.6分钟
[2026-05-12 00:20:59] 进度: 410/5716 | 成功: 410 | 失败: 0 | 速度: 2.3/秒 | 预计剩余: 38.5分钟
[2026-05-12 00:21:03] 进度: 420/5716 | 成功: 420 | 失败: 0 | 速度: 2.3/秒 | 预计剩余: 38.4分钟
[2026-05-12 00:21:08] 进度: 430/5716 | 成功: 430 | 失败: 0 | 速度: 2.3/秒 | 预计剩余: 38.4分钟
[2026-05-12 00:21:12] 进度: 440/5716 | 成功: 440 | 失败: 0 | 速度: 2.3/秒 | 预计剩余: 38.3分钟
[2026-05-12 00:21:16] 进度: 450/5716 | 成功: 450 | 失败: 0 | 速度: 2.3/秒 | 预计剩余: 38.2分钟
[2026-05-12 00:21:20] 进度: 460/5716 | 成功: 460 | 失败: 0 | 速度: 2.3/秒 | 预计剩余: 38.1分钟
[2026-05-12 00:21:25] 进度: 470/5716 | 成功: 470 | 失败: 0 | 速度: 2.3/秒 | 预计剩余: 38.1分钟
[2026-05-12 00:21:30] 进度: 480/5716 | 成功: 480 | 失败: 0 | 速度: 2.3/秒 | 预计剩余: 38.1分钟
[2026-05-12 00:21:34] 进度: 490/5716 | 成功: 490 | 失败: 0 | 速度: 2.3/秒 | 预计剩余: 38.0分钟
[2026-05-12 00:21:38] 进度: 500/5716 | 成功: 500 | 失败: 0 | 速度: 2.3/秒 | 预计剩余: 37.9分钟
[2026-05-12 00:21:43] 进度: 510/5716 | 成功: 510 | 失败: 0 | 速度: 2.3/秒 | 预计剩余: 37.8分钟
[2026-05-12 00:21:47] 进度: 520/5716 | 成功: 519 | 失败: 1 | 速度: 2.3/秒 | 预计剩余: 37.8分钟
[2026-05-12 00:21:51] 进度: 530/5716 | 成功: 528 | 失败: 2 | 速度: 2.3/秒 | 预计剩余: 37.8分钟
[2026-05-12 00:21:56] 进度: 540/5716 | 成功: 538 | 失败: 2 | 速度: 2.3/秒 | 预计剩余: 37.7分钟
[2026-05-12 00:22:00] 进度: 550/5716 | 成功: 548 | 失败: 2 | 速度: 2.3/秒 | 预计剩余: 37.6分钟
[2026-05-12 00:22:04] 进度: 560/5716 | 成功: 557 | 失败: 3 | 速度: 2.3/秒 | 预计剩余: 37.6分钟
[2026-05-12 00:22:08] 进度: 570/5716 | 成功: 567 | 失败: 3 | 速度: 2.3/秒 | 预计剩余: 37.5分钟
[2026-05-12 00:22:13] 进度: 580/5716 | 成功: 576 | 失败: 4 | 速度: 2.3/秒 | 预计剩余: 37.5分钟
[2026-05-12 00:22:17] 进度: 590/5716 | 成功: 586 | 失败: 4 | 速度: 2.3/秒 | 预计剩余: 37.4分钟
[2026-05-12 00:22:21] 进度: 600/5716 | 成功: 595 | 失败: 5 | 速度: 2.3/秒 | 预计剩余: 37.4分钟
[2026-05-12 00:22:25] 进度: 610/5716 | 成功: 605 | 失败: 5 | 速度: 2.3/秒 | 预计剩余: 37.3分钟
[2026-05-12 00:22:30] 进度: 620/5716 | 成功: 615 | 失败: 5 | 速度: 2.3/秒 | 预计剩余: 37.2分钟
[2026-05-12 00:22:34] 进度: 630/5716 | 成功: 625 | 失败: 5 | 速度: 2.3/秒 | 预计剩余: 37.1分钟
[2026-05-12 00:22:38] 进度: 640/5716 | 成功: 635 | 失败: 5 | 速度: 2.3/秒 | 预计剩余: 37.0分钟
[2026-05-12 00:22:42] 进度: 650/5716 | 成功: 645 | 失败: 5 | 速度: 2.3/秒 | 预计剩余: 36.9分钟
[2026-05-12 00:22:47] 进度: 660/5716 | 成功: 655 | 失败: 5 | 速度: 2.3/秒 | 预计剩余: 36.8分钟
[2026-05-12 00:22:51] 进度: 670/5716 | 成功: 665 | 失败: 5 | 速度: 2.3/秒 | 预计剩余: 36.8分钟
[2026-05-12 00:22:55] 进度: 680/5716 | 成功: 675 | 失败: 5 | 速度: 2.3/秒 | 预计剩余: 36.7分钟
[2026-05-12 00:23:00] 进度: 690/5716 | 成功: 685 | 失败: 5 | 速度: 2.3/秒 | 预计剩余: 36.6分钟
[2026-05-12 00:23:04] 进度: 700/5716 | 成功: 695 | 失败: 5 | 速度: 2.3/秒 | 预计剩余: 36.6分钟
[2026-05-12 00:23:09] 进度: 710/5716 | 成功: 705 | 失败: 5 | 速度: 2.3/秒 | 预计剩余: 36.5分钟
[2026-05-12 00:23:13] 进度: 720/5716 | 成功: 715 | 失败: 5 | 速度: 2.3/秒 | 预计剩余: 36.4分钟
[2026-05-12 00:23:17] 进度: 730/5716 | 成功: 725 | 失败: 5 | 速度: 2.3/秒 | 预计剩余: 36.3分钟
[2026-05-12 00:23:22] 进度: 740/5716 | 成功: 735 | 失败: 5 | 速度: 2.3/秒 | 预计剩余: 36.3分钟
[2026-05-12 00:23:26] 进度: 750/5716 | 成功: 745 | 失败: 5 | 速度: 2.3/秒 | 预计剩余: 36.2分钟
[2026-05-12 00:23:30] 进度: 760/5716 | 成功: 755 | 失败: 5 | 速度: 2.3/秒 | 预计剩余: 36.1分钟
[2026-05-12 00:23:35] 进度: 770/5716 | 成功: 765 | 失败: 5 | 速度: 2.3/秒 | 预计剩余: 36.0分钟
[2026-05-12 00:23:39] 进度: 780/5716 | 成功: 775 | 失败: 5 | 速度: 2.3/秒 | 预计剩余: 36.0分钟
[2026-05-12 00:23:44] 进度: 790/5716 | 成功: 785 | 失败: 5 | 速度: 2.3/秒 | 预计剩余: 35.9分钟
[2026-05-12 00:23:48] 进度: 800/5716 | 成功: 795 | 失败: 5 | 速度: 2.3/秒 | 预计剩余: 35.8分钟
[2026-05-12 00:23:52] 进度: 810/5716 | 成功: 805 | 失败: 5 | 速度: 2.3/秒 | 预计剩余: 35.8分钟
[2026-05-12 00:23:57] 进度: 820/5716 | 成功: 815 | 失败: 5 | 速度: 2.3/秒 | 预计剩余: 35.7分钟
[2026-05-12 00:24:01] 进度: 830/5716 | 成功: 825 | 失败: 5 | 速度: 2.3/秒 | 预计剩余: 35.6分钟
[2026-05-12 00:24:05] 进度: 840/5716 | 成功: 835 | 失败: 5 | 速度: 2.3/秒 | 预计剩余: 35.5分钟
[2026-05-12 00:24:10] 进度: 850/5716 | 成功: 845 | 失败: 5 | 速度: 2.3/秒 | 预计剩余: 35.5分钟
[2026-05-12 00:24:14] 进度: 860/5716 | 成功: 855 | 失败: 5 | 速度: 2.3/秒 | 预计剩余: 35.4分钟
[2026-05-12 00:24:19] 进度: 870/5716 | 成功: 865 | 失败: 5 | 速度: 2.3/秒 | 预计剩余: 35.3分钟
[2026-05-12 00:24:23] 进度: 880/5716 | 成功: 875 | 失败: 5 | 速度: 2.3/秒 | 预计剩余: 35.2分钟
[2026-05-12 00:24:28] 进度: 890/5716 | 成功: 885 | 失败: 5 | 速度: 2.3/秒 | 预计剩余: 35.2分钟
[2026-05-12 00:24:33] 进度: 900/5716 | 成功: 895 | 失败: 5 | 速度: 2.3/秒 | 预计剩余: 35.2分钟
[2026-05-12 00:24:37] 进度: 910/5716 | 成功: 905 | 失败: 5 | 速度: 2.3/秒 | 预计剩余: 35.1分钟
[2026-05-12 00:24:41] 进度: 920/5716 | 成功: 915 | 失败: 5 | 速度: 2.3/秒 | 预计剩余: 35.0分钟
[2026-05-12 00:24:46] 进度: 930/5716 | 成功: 925 | 失败: 5 | 速度: 2.3/秒 | 预计剩余: 35.0分钟
[2026-05-12 00:24:50] 进度: 940/5716 | 成功: 935 | 失败: 5 | 速度: 2.3/秒 | 预计剩余: 34.9分钟
[2026-05-12 00:24:54] 进度: 950/5716 | 成功: 945 | 失败: 5 | 速度: 2.3/秒 | 预计剩余: 34.8分钟
[2026-05-12 00:25:00] 进度: 960/5716 | 成功: 955 | 失败: 5 | 速度: 2.3/秒 | 预计剩余: 34.8分钟
[2026-05-12 00:25:07] 进度: 970/5716 | 成功: 965 | 失败: 5 | 速度: 2.3/秒 | 预计剩余: 35.0分钟
[2026-05-12 00:25:12] 进度: 980/5716 | 成功: 975 | 失败: 5 | 速度: 2.3/秒 | 预计剩余: 35.0分钟
[2026-05-12 00:25:19] 进度: 990/5716 | 成功: 985 | 失败: 5 | 速度: 2.2/秒 | 预计剩余: 35.1分钟
[2026-05-12 00:25:25] 进度: 1000/5716 | 成功: 995 | 失败: 5 | 速度: 2.2/秒 | 预计剩余: 35.1分钟
[2026-05-12 00:25:31] 进度: 1010/5716 | 成功: 1005 | 失败: 5 | 速度: 2.2/秒 | 预计剩余: 35.2分钟
[2026-05-12 00:25:36] 进度: 1020/5716 | 成功: 1015 | 失败: 5 | 速度: 2.2/秒 | 预计剩余: 35.1分钟
[2026-05-12 00:25:41] 进度: 1030/5716 | 成功: 1025 | 失败: 5 | 速度: 2.2/秒 | 预计剩余: 35.1分钟
[2026-05-12 00:25:46] 进度: 1040/5716 | 成功: 1035 | 失败: 5 | 速度: 2.2/秒 | 预计剩余: 35.1分钟
[2026-05-12 00:25:51] 进度: 1050/5716 | 成功: 1045 | 失败: 5 | 速度: 2.2/秒 | 预计剩余: 35.0分钟
[2026-05-12 00:25:56] 进度: 1060/5716 | 成功: 1055 | 失败: 5 | 速度: 2.2/秒 | 预计剩余: 35.0分钟
[2026-05-12 00:26:00] 进度: 1070/5716 | 成功: 1065 | 失败: 5 | 速度: 2.2/秒 | 预计剩余: 34.9分钟
[2026-05-12 00:26:05] 进度: 1080/5716 | 成功: 1075 | 失败: 5 | 速度: 2.2/秒 | 预计剩余: 34.8分钟
[2026-05-12 00:26:09] 进度: 1090/5716 | 成功: 1085 | 失败: 5 | 速度: 2.2/秒 | 预计剩余: 34.7分钟
[2026-05-12 00:26:15] 进度: 1100/5716 | 成功: 1095 | 失败: 5 | 速度: 2.2/秒 | 预计剩余: 34.8分钟
[2026-05-12 00:26:21] 进度: 1110/5716 | 成功: 1105 | 失败: 5 | 速度: 2.2/秒 | 预计剩余: 34.8分钟
[2026-05-12 00:26:26] 进度: 1120/5716 | 成功: 1115 | 失败: 5 | 速度: 2.2/秒 | 预计剩余: 34.8分钟
[2026-05-12 00:26:31] 进度: 1130/5716 | 成功: 1125 | 失败: 5 | 速度: 2.2/秒 | 预计剩余: 34.7分钟
[2026-05-12 00:26:36] 进度: 1140/5716 | 成功: 1135 | 失败: 5 | 速度: 2.2/秒 | 预计剩余: 34.7分钟
[2026-05-12 00:26:41] 进度: 1150/5716 | 成功: 1145 | 失败: 5 | 速度: 2.2/秒 | 预计剩余: 34.6分钟
[2026-05-12 00:26:45] 进度: 1160/5716 | 成功: 1155 | 失败: 5 | 速度: 2.2/秒 | 预计剩余: 34.5分钟
[2026-05-12 00:26:49] 进度: 1170/5716 | 成功: 1165 | 失败: 5 | 速度: 2.2/秒 | 预计剩余: 34.4分钟
[2026-05-12 00:26:53] 进度: 1180/5716 | 成功: 1175 | 失败: 5 | 速度: 2.2/秒 | 预计剩余: 34.3分钟
[2026-05-12 00:26:58] 进度: 1190/5716 | 成功: 1185 | 失败: 5 | 速度: 2.2/秒 | 预计剩余: 34.2分钟
[2026-05-12 00:27:02] 进度: 1200/5716 | 成功: 1195 | 失败: 5 | 速度: 2.2/秒 | 预计剩余: 34.1分钟
[2026-05-12 00:27:06] 进度: 1210/5716 | 成功: 1205 | 失败: 5 | 速度: 2.2/秒 | 预计剩余: 34.0分钟
[2026-05-12 00:27:10] 进度: 1220/5716 | 成功: 1215 | 失败: 5 | 速度: 2.2/秒 | 预计剩余: 33.9分钟
[2026-05-12 00:27:15] 进度: 1230/5716 | 成功: 1225 | 失败: 5 | 速度: 2.2/秒 | 预计剩余: 33.9分钟
[2026-05-12 00:27:20] 进度: 1240/5716 | 成功: 1235 | 失败: 5 | 速度: 2.2/秒 | 预计剩余: 33.8分钟
[2026-05-12 00:27:24] 进度: 1250/5716 | 成功: 1245 | 失败: 5 | 速度: 2.2/秒 | 预计剩余: 33.7分钟
[2026-05-12 00:27:28] 进度: 1260/5716 | 成功: 1255 | 失败: 5 | 速度: 2.2/秒 | 预计剩余: 33.6分钟
[2026-05-12 00:27:33] 进度: 1270/5716 | 成功: 1265 | 失败: 5 | 速度: 2.2/秒 | 预计剩余: 33.5分钟
[2026-05-12 00:27:37] 进度: 1280/5716 | 成功: 1275 | 失败: 5 | 速度: 2.2/秒 | 预计剩余: 33.4分钟
[2026-05-12 00:27:41] 进度: 1290/5716 | 成功: 1285 | 失败: 5 | 速度: 2.2/秒 | 预计剩余: 33.3分钟
[2026-05-12 00:27:46] 进度: 1300/5716 | 成功: 1295 | 失败: 5 | 速度: 2.2/秒 | 预计剩余: 33.3分钟
[2026-05-12 00:27:50] 进度: 1310/5716 | 成功: 1305 | 失败: 5 | 速度: 2.2/秒 | 预计剩余: 33.2分钟
[2026-05-12 00:27:54] 进度: 1320/5716 | 成功: 1315 | 失败: 5 | 速度: 2.2/秒 | 预计剩余: 33.1分钟
[2026-05-12 00:27:58] 进度: 1330/5716 | 成功: 1325 | 失败: 5 | 速度: 2.2/秒 | 预计剩余: 33.0分钟
[2026-05-12 00:28:03] 进度: 1340/5716 | 成功: 1335 | 失败: 5 | 速度: 2.2/秒 | 预计剩余: 32.9分钟
[2026-05-12 00:28:07] 进度: 1350/5716 | 成功: 1345 | 失败: 5 | 速度: 2.2/秒 | 预计剩余: 32.8分钟
[2026-05-12 00:28:11] 进度: 1360/5716 | 成功: 1355 | 失败: 5 | 速度: 2.2/秒 | 预计剩余: 32.7分钟
[2026-05-12 00:28:16] 进度: 1370/5716 | 成功: 1365 | 失败: 5 | 速度: 2.2/秒 | 预计剩余: 32.7分钟
[2026-05-12 00:28:20] 进度: 1380/5716 | 成功: 1375 | 失败: 5 | 速度: 2.2/秒 | 预计剩余: 32.6分钟
[2026-05-12 00:28:24] 进度: 1390/5716 | 成功: 1385 | 失败: 5 | 速度: 2.2/秒 | 预计剩余: 32.5分钟
[2026-05-12 00:28:29] 进度: 1400/5716 | 成功: 1395 | 失败: 5 | 速度: 2.2/秒 | 预计剩余: 32.4分钟
[2026-05-12 00:28:33] 进度: 1410/5716 | 成功: 1405 | 失败: 5 | 速度: 2.2/秒 | 预计剩余: 32.3分钟
[2026-05-12 00:28:37] 进度: 1420/5716 | 成功: 1415 | 失败: 5 | 速度: 2.2/秒 | 预计剩余: 32.2分钟
[2026-05-12 00:28:41] 进度: 1430/5716 | 成功: 1425 | 失败: 5 | 速度: 2.2/秒 | 预计剩余: 32.1分钟
[2026-05-12 00:28:46] 进度: 1440/5716 | 成功: 1435 | 失败: 5 | 速度: 2.2/秒 | 预计剩余: 32.1分钟
[2026-05-12 00:28:50] 进度: 1450/5716 | 成功: 1445 | 失败: 5 | 速度: 2.2/秒 | 预计剩余: 32.0分钟
[2026-05-12 00:28:54] 进度: 1460/5716 | 成功: 1455 | 失败: 5 | 速度: 2.2/秒 | 预计剩余: 31.9分钟
[2026-05-12 00:28:58] 进度: 1470/5716 | 成功: 1465 | 失败: 5 | 速度: 2.2/秒 | 预计剩余: 31.8分钟
[2026-05-12 00:29:03] 进度: 1480/5716 | 成功: 1475 | 失败: 5 | 速度: 2.2/秒 | 预计剩余: 31.7分钟
[2026-05-12 00:29:08] 进度: 1490/5716 | 成功: 1485 | 失败: 5 | 速度: 2.2/秒 | 预计剩余: 31.7分钟
[2026-05-12 00:29:12] 进度: 1500/5716 | 成功: 1495 | 失败: 5 | 速度: 2.2/秒 | 预计剩余: 31.6分钟
[2026-05-12 00:29:16] 进度: 1510/5716 | 成功: 1505 | 失败: 5 | 速度: 2.2/秒 | 预计剩余: 31.5分钟
[2026-05-12 00:29:21] 进度: 1520/5716 | 成功: 1515 | 失败: 5 | 速度: 2.2/秒 | 预计剩余: 31.4分钟
[2026-05-12 00:29:25] 进度: 1530/5716 | 成功: 1525 | 失败: 5 | 速度: 2.2/秒 | 预计剩余: 31.3分钟
[2026-05-12 00:29:29] 进度: 1540/5716 | 成功: 1535 | 失败: 5 | 速度: 2.2/秒 | 预计剩余: 31.2分钟
[2026-05-12 00:29:34] 进度: 1550/5716 | 成功: 1545 | 失败: 5 | 速度: 2.2/秒 | 预计剩余: 31.2分钟
[2026-05-12 00:29:38] 进度: 1560/5716 | 成功: 1555 | 失败: 5 | 速度: 2.2/秒 | 预计剩余: 31.1分钟
[2026-05-12 00:29:42] 进度: 1570/5716 | 成功: 1565 | 失败: 5 | 速度: 2.2/秒 | 预计剩余: 31.0分钟
[2026-05-12 00:29:46] 进度: 1580/5716 | 成功: 1575 | 失败: 5 | 速度: 2.2/秒 | 预计剩余: 30.9分钟
[2026-05-12 00:29:50] 进度: 1590/5716 | 成功: 1585 | 失败: 5 | 速度: 2.2/秒 | 预计剩余: 30.8分钟
[2026-05-12 00:29:55] 进度: 1600/5716 | 成功: 1595 | 失败: 5 | 速度: 2.2/秒 | 预计剩余: 30.7分钟
[2026-05-12 00:29:59] 进度: 1610/5716 | 成功: 1605 | 失败: 5 | 速度: 2.2/秒 | 预计剩余: 30.6分钟
[2026-05-12 00:30:03] 进度: 1620/5716 | 成功: 1615 | 失败: 5 | 速度: 2.2/秒 | 预计剩余: 30.6分钟
[2026-05-12 00:30:07] 进度: 1630/5716 | 成功: 1625 | 失败: 5 | 速度: 2.2/秒 | 预计剩余: 30.5分钟
[2026-05-12 00:30:12] 进度: 1640/5716 | 成功: 1635 | 失败: 5 | 速度: 2.2/秒 | 预计剩余: 30.4分钟
[2026-05-12 00:30:16] 进度: 1650/5716 | 成功: 1645 | 失败: 5 | 速度: 2.2/秒 | 预计剩余: 30.3分钟
[2026-05-12 00:30:20] 进度: 1660/5716 | 成功: 1655 | 失败: 5 | 速度: 2.2/秒 | 预计剩余: 30.2分钟
[2026-05-12 00:30:24] 进度: 1670/5716 | 成功: 1665 | 失败: 5 | 速度: 2.2/秒 | 预计剩余: 30.1分钟
[2026-05-12 00:30:28] 进度: 1680/5716 | 成功: 1675 | 失败: 5 | 速度: 2.2/秒 | 预计剩余: 30.0分钟
[2026-05-12 00:30:33] 进度: 1690/5716 | 成功: 1685 | 失败: 5 | 速度: 2.2/秒 | 预计剩余: 30.0分钟
[2026-05-12 00:30:37] 进度: 1700/5716 | 成功: 1695 | 失败: 5 | 速度: 2.2/秒 | 预计剩余: 29.9分钟
[2026-05-12 00:30:41] 进度: 1710/5716 | 成功: 1705 | 失败: 5 | 速度: 2.2/秒 | 预计剩余: 29.8分钟
[2026-05-12 00:30:45] 进度: 1720/5716 | 成功: 1715 | 失败: 5 | 速度: 2.2/秒 | 预计剩余: 29.7分钟
[2026-05-12 00:30:50] 进度: 1730/5716 | 成功: 1725 | 失败: 5 | 速度: 2.2/秒 | 预计剩余: 29.6分钟
[2026-05-12 00:30:54] 进度: 1740/5716 | 成功: 1735 | 失败: 5 | 速度: 2.2/秒 | 预计剩余: 29.6分钟
[2026-05-12 00:30:58] 进度: 1750/5716 | 成功: 1745 | 失败: 5 | 速度: 2.2/秒 | 预计剩余: 29.5分钟
[2026-05-12 00:31:03] 进度: 1760/5716 | 成功: 1755 | 失败: 5 | 速度: 2.2/秒 | 预计剩余: 29.4分钟
[2026-05-12 00:31:07] 进度: 1770/5716 | 成功: 1765 | 失败: 5 | 速度: 2.2/秒 | 预计剩余: 29.3分钟
[2026-05-12 00:31:12] 进度: 1780/5716 | 成功: 1775 | 失败: 5 | 速度: 2.2/秒 | 预计剩余: 29.2分钟
[2026-05-12 00:31:16] 进度: 1790/5716 | 成功: 1785 | 失败: 5 | 速度: 2.2/秒 | 预计剩余: 29.2分钟
[2026-05-12 00:31:20] 进度: 1800/5716 | 成功: 1795 | 失败: 5 | 速度: 2.2/秒 | 预计剩余: 29.1分钟
[2026-05-12 00:31:25] 进度: 1810/5716 | 成功: 1805 | 失败: 5 | 速度: 2.2/秒 | 预计剩余: 29.0分钟
[2026-05-12 00:31:29] 进度: 1820/5716 | 成功: 1815 | 失败: 5 | 速度: 2.2/秒 | 预计剩余: 28.9分钟
[2026-05-12 00:31:33] 进度: 1830/5716 | 成功: 1825 | 失败: 5 | 速度: 2.2/秒 | 预计剩余: 28.9分钟
[2026-05-12 00:31:37] 进度: 1840/5716 | 成功: 1835 | 失败: 5 | 速度: 2.2/秒 | 预计剩余: 28.8分钟
[2026-05-12 00:31:42] 进度: 1850/5716 | 成功: 1845 | 失败: 5 | 速度: 2.2/秒 | 预计剩余: 28.7分钟
[2026-05-12 00:31:46] 进度: 1860/5716 | 成功: 1855 | 失败: 5 | 速度: 2.2/秒 | 预计剩余: 28.6分钟
[2026-05-12 00:31:51] 进度: 1870/5716 | 成功: 1865 | 失败: 5 | 速度: 2.2/秒 | 预计剩余: 28.5分钟
[2026-05-12 00:31:55] 进度: 1880/5716 | 成功: 1875 | 失败: 5 | 速度: 2.2/秒 | 预计剩余: 28.5分钟
[2026-05-12 00:31:59] 进度: 1890/5716 | 成功: 1885 | 失败: 5 | 速度: 2.2/秒 | 预计剩余: 28.4分钟
[2026-05-12 00:32:03] 进度: 1900/5716 | 成功: 1895 | 失败: 5 | 速度: 2.2/秒 | 预计剩余: 28.3分钟
[2026-05-12 00:32:08] 进度: 1910/5716 | 成功: 1905 | 失败: 5 | 速度: 2.2/秒 | 预计剩余: 28.2分钟
[2026-05-12 00:32:12] 进度: 1920/5716 | 成功: 1915 | 失败: 5 | 速度: 2.2/秒 | 预计剩余: 28.1分钟
[2026-05-12 00:32:16] 进度: 1930/5716 | 成功: 1925 | 失败: 5 | 速度: 2.2/秒 | 预计剩余: 28.0分钟
[2026-05-12 00:32:20] 进度: 1940/5716 | 成功: 1935 | 失败: 5 | 速度: 2.2/秒 | 预计剩余: 28.0分钟
[2026-05-12 00:32:25] 进度: 1950/5716 | 成功: 1945 | 失败: 5 | 速度: 2.3/秒 | 预计剩余: 27.9分钟
[2026-05-12 00:32:29] 进度: 1960/5716 | 成功: 1955 | 失败: 5 | 速度: 2.3/秒 | 预计剩余: 27.8分钟
[2026-05-12 00:32:33] 进度: 1970/5716 | 成功: 1965 | 失败: 5 | 速度: 2.3/秒 | 预计剩余: 27.7分钟
[2026-05-12 00:32:37] 进度: 1980/5716 | 成功: 1975 | 失败: 5 | 速度: 2.3/秒 | 预计剩余: 27.6分钟
[2026-05-12 00:32:41] 进度: 1990/5716 | 成功: 1985 | 失败: 5 | 速度: 2.3/秒 | 预计剩余: 27.6分钟
[2026-05-12 00:32:45] 进度: 2000/5716 | 成功: 1995 | 失败: 5 | 速度: 2.3/秒 | 预计剩余: 27.5分钟
[2026-05-12 00:32:50] 进度: 2010/5716 | 成功: 2005 | 失败: 5 | 速度: 2.3/秒 | 预计剩余: 27.4分钟
[2026-05-12 00:32:54] 进度: 2020/5716 | 成功: 2015 | 失败: 5 | 速度: 2.3/秒 | 预计剩余: 27.3分钟
[2026-05-12 00:32:58] 进度: 2030/5716 | 成功: 2025 | 失败: 5 | 速度: 2.3/秒 | 预计剩余: 27.2分钟
[2026-05-12 00:33:02] 进度: 2040/5716 | 成功: 2035 | 失败: 5 | 速度: 2.3/秒 | 预计剩余: 27.2分钟
[2026-05-12 00:33:07] 进度: 2050/5716 | 成功: 2045 | 失败: 5 | 速度: 2.3/秒 | 预计剩余: 27.1分钟
[2026-05-12 00:33:11] 进度: 2060/5716 | 成功: 2055 | 失败: 5 | 速度: 2.3/秒 | 预计剩余: 27.0分钟
[2026-05-12 00:33:15] 进度: 2070/5716 | 成功: 2065 | 失败: 5 | 速度: 2.3/秒 | 预计剩余: 26.9分钟
[2026-05-12 00:33:20] 进度: 2080/5716 | 成功: 2075 | 失败: 5 | 速度: 2.3/秒 | 预计剩余: 26.8分钟
[2026-05-12 00:33:24] 进度: 2090/5716 | 成功: 2085 | 失败: 5 | 速度: 2.3/秒 | 预计剩余: 26.8分钟
[2026-05-12 00:33:28] 进度: 2100/5716 | 成功: 2095 | 失败: 5 | 速度: 2.3/秒 | 预计剩余: 26.7分钟
[2026-05-12 00:33:32] 进度: 2110/5716 | 成功: 2105 | 失败: 5 | 速度: 2.3/秒 | 预计剩余: 26.6分钟
[2026-05-12 00:33:37] 进度: 2120/5716 | 成功: 2115 | 失败: 5 | 速度: 2.3/秒 | 预计剩余: 26.5分钟
[2026-05-12 00:33:42] 进度: 2130/5716 | 成功: 2125 | 失败: 5 | 速度: 2.3/秒 | 预计剩余: 26.5分钟
[2026-05-12 00:33:46] 进度: 2140/5716 | 成功: 2135 | 失败: 5 | 速度: 2.3/秒 | 预计剩余: 26.4分钟
[2026-05-12 00:33:50] 进度: 2150/5716 | 成功: 2145 | 失败: 5 | 速度: 2.3/秒 | 预计剩余: 26.3分钟
[2026-05-12 00:33:55] 进度: 2160/5716 | 成功: 2155 | 失败: 5 | 速度: 2.3/秒 | 预计剩余: 26.2分钟
[2026-05-12 00:33:59] 进度: 2170/5716 | 成功: 2165 | 失败: 5 | 速度: 2.3/秒 | 预计剩余: 26.2分钟
[2026-05-12 00:34:03] 进度: 2180/5716 | 成功: 2175 | 失败: 5 | 速度: 2.3/秒 | 预计剩余: 26.1分钟
[2026-05-12 00:34:08] 进度: 2190/5716 | 成功: 2185 | 失败: 5 | 速度: 2.3/秒 | 预计剩余: 26.0分钟
[2026-05-12 00:34:12] 进度: 2200/5716 | 成功: 2195 | 失败: 5 | 速度: 2.3/秒 | 预计剩余: 25.9分钟
[2026-05-12 00:34:16] 进度: 2210/5716 | 成功: 2205 | 失败: 5 | 速度: 2.3/秒 | 预计剩余: 25.9分钟
[2026-05-12 00:34:21] 进度: 2220/5716 | 成功: 2215 | 失败: 5 | 速度: 2.3/秒 | 预计剩余: 25.8分钟
[2026-05-12 00:34:25] 进度: 2230/5716 | 成功: 2225 | 失败: 5 | 速度: 2.3/秒 | 预计剩余: 25.7分钟
[2026-05-12 00:34:29] 进度: 2240/5716 | 成功: 2235 | 失败: 5 | 速度: 2.3/秒 | 预计剩余: 25.6分钟
[2026-05-12 00:34:34] 进度: 2250/5716 | 成功: 2245 | 失败: 5 | 速度: 2.3/秒 | 预计剩余: 25.6分钟
[2026-05-12 00:34:38] 进度: 2260/5716 | 成功: 2255 | 失败: 5 | 速度: 2.3/秒 | 预计剩余: 25.5分钟
[2026-05-12 00:34:42] 进度: 2270/5716 | 成功: 2265 | 失败: 5 | 速度: 2.3/秒 | 预计剩余: 25.4分钟
[2026-05-12 00:34:46] 进度: 2280/5716 | 成功: 2275 | 失败: 5 | 速度: 2.3/秒 | 预计剩余: 25.3分钟
[2026-05-12 00:34:51] 进度: 2290/5716 | 成功: 2285 | 失败: 5 | 速度: 2.3/秒 | 预计剩余: 25.3分钟
[2026-05-12 00:34:55] 进度: 2300/5716 | 成功: 2295 | 失败: 5 | 速度: 2.3/秒 | 预计剩余: 25.2分钟
[2026-05-12 00:34:59] 进度: 2310/5716 | 成功: 2305 | 失败: 5 | 速度: 2.3/秒 | 预计剩余: 25.1分钟
[2026-05-12 00:35:04] 进度: 2320/5716 | 成功: 2315 | 失败: 5 | 速度: 2.3/秒 | 预计剩余: 25.0分钟
[2026-05-12 00:35:08] 进度: 2330/5716 | 成功: 2325 | 失败: 5 | 速度: 2.3/秒 | 预计剩余: 24.9分钟
[2026-05-12 00:35:12] 进度: 2340/5716 | 成功: 2335 | 失败: 5 | 速度: 2.3/秒 | 预计剩余: 24.9分钟
[2026-05-12 00:35:17] 进度: 2350/5716 | 成功: 2345 | 失败: 5 | 速度: 2.3/秒 | 预计剩余: 24.8分钟
[2026-05-12 00:35:21] 进度: 2360/5716 | 成功: 2355 | 失败: 5 | 速度: 2.3/秒 | 预计剩余: 24.7分钟
[2026-05-12 00:35:25] 进度: 2370/5716 | 成功: 2365 | 失败: 5 | 速度: 2.3/秒 | 预计剩余: 24.6分钟
[2026-05-12 00:35:29] 进度: 2380/5716 | 成功: 2375 | 失败: 5 | 速度: 2.3/秒 | 预计剩余: 24.6分钟
[2026-05-12 00:35:34] 进度: 2390/5716 | 成功: 2385 | 失败: 5 | 速度: 2.3/秒 | 预计剩余: 24.5分钟
[2026-05-12 00:35:38] 进度: 2400/5716 | 成功: 2395 | 失败: 5 | 速度: 2.3/秒 | 预计剩余: 24.4分钟
[2026-05-12 00:35:42] 进度: 2410/5716 | 成功: 2405 | 失败: 5 | 速度: 2.3/秒 | 预计剩余: 24.3分钟
[2026-05-12 00:35:47] 进度: 2420/5716 | 成功: 2415 | 失败: 5 | 速度: 2.3/秒 | 预计剩余: 24.3分钟
[2026-05-12 00:35:51] 进度: 2430/5716 | 成功: 2425 | 失败: 5 | 速度: 2.3/秒 | 预计剩余: 24.2分钟
[2026-05-12 00:35:56] 进度: 2440/5716 | 成功: 2435 | 失败: 5 | 速度: 2.3/秒 | 预计剩余: 24.1分钟
[2026-05-12 00:36:00] 进度: 2450/5716 | 成功: 2445 | 失败: 5 | 速度: 2.3/秒 | 预计剩余: 24.0分钟
[2026-05-12 00:36:04] 进度: 2460/5716 | 成功: 2455 | 失败: 5 | 速度: 2.3/秒 | 预计剩余: 24.0分钟
[2026-05-12 00:36:09] 进度: 2470/5716 | 成功: 2465 | 失败: 5 | 速度: 2.3/秒 | 预计剩余: 23.9分钟
[2026-05-12 00:36:13] 进度: 2480/5716 | 成功: 2475 | 失败: 5 | 速度: 2.3/秒 | 预计剩余: 23.8分钟
[2026-05-12 00:36:17] 进度: 2490/5716 | 成功: 2485 | 失败: 5 | 速度: 2.3/秒 | 预计剩余: 23.7分钟
[2026-05-12 00:36:22] 进度: 2500/5716 | 成功: 2495 | 失败: 5 | 速度: 2.3/秒 | 预计剩余: 23.7分钟
[2026-05-12 00:36:26] 进度: 2510/5716 | 成功: 2505 | 失败: 5 | 速度: 2.3/秒 | 预计剩余: 23.6分钟
[2026-05-12 00:36:30] 进度: 2520/5716 | 成功: 2515 | 失败: 5 | 速度: 2.3/秒 | 预计剩余: 23.5分钟
[2026-05-12 00:36:35] 进度: 2530/5716 | 成功: 2525 | 失败: 5 | 速度: 2.3/秒 | 预计剩余: 23.4分钟
[2026-05-12 00:36:39] 进度: 2540/5716 | 成功: 2535 | 失败: 5 | 速度: 2.3/秒 | 预计剩余: 23.4分钟
[2026-05-12 00:36:43] 进度: 2550/5716 | 成功: 2545 | 失败: 5 | 速度: 2.3/秒 | 预计剩余: 23.3分钟
[2026-05-12 00:36:48] 进度: 2560/5716 | 成功: 2555 | 失败: 5 | 速度: 2.3/秒 | 预计剩余: 23.2分钟
[2026-05-12 00:36:52] 进度: 2570/5716 | 成功: 2565 | 失败: 5 | 速度: 2.3/秒 | 预计剩余: 23.1分钟
[2026-05-12 00:36:56] 进度: 2580/5716 | 成功: 2575 | 失败: 5 | 速度: 2.3/秒 | 预计剩余: 23.1分钟
[2026-05-12 00:37:00] 进度: 2590/5716 | 成功: 2585 | 失败: 5 | 速度: 2.3/秒 | 预计剩余: 23.0分钟
[2026-05-12 00:37:05] 进度: 2600/5716 | 成功: 2595 | 失败: 5 | 速度: 2.3/秒 | 预计剩余: 22.9分钟
[2026-05-12 00:37:09] 进度: 2610/5716 | 成功: 2605 | 失败: 5 | 速度: 2.3/秒 | 预计剩余: 22.8分钟
[2026-05-12 00:37:13] 进度: 2620/5716 | 成功: 2615 | 失败: 5 | 速度: 2.3/秒 | 预计剩余: 22.8分钟
[2026-05-12 00:37:18] 进度: 2630/5716 | 成功: 2625 | 失败: 5 | 速度: 2.3/秒 | 预计剩余: 22.7分钟
[2026-05-12 00:37:22] 进度: 2640/5716 | 成功: 2635 | 失败: 5 | 速度: 2.3/秒 | 预计剩余: 22.6分钟
[2026-05-12 00:37:26] 进度: 2650/5716 | 成功: 2645 | 失败: 5 | 速度: 2.3/秒 | 预计剩余: 22.5分钟
[2026-05-12 00:37:30] 进度: 2660/5716 | 成功: 2655 | 失败: 5 | 速度: 2.3/秒 | 预计剩余: 22.4分钟
[2026-05-12 00:37:35] 进度: 2670/5716 | 成功: 2665 | 失败: 5 | 速度: 2.3/秒 | 预计剩余: 22.4分钟
[2026-05-12 00:37:39] 进度: 2680/5716 | 成功: 2675 | 失败: 5 | 速度: 2.3/秒 | 预计剩余: 22.3分钟
[2026-05-12 00:37:43] 进度: 2690/5716 | 成功: 2685 | 失败: 5 | 速度: 2.3/秒 | 预计剩余: 22.2分钟
[2026-05-12 00:37:48] 进度: 2700/5716 | 成功: 2695 | 失败: 5 | 速度: 2.3/秒 | 预计剩余: 22.2分钟
[2026-05-12 00:37:52] 进度: 2710/5716 | 成功: 2705 | 失败: 5 | 速度: 2.3/秒 | 预计剩余: 22.1分钟
[2026-05-12 00:37:57] 进度: 2720/5716 | 成功: 2715 | 失败: 5 | 速度: 2.3/秒 | 预计剩余: 22.0分钟
[2026-05-12 00:38:01] 进度: 2730/5716 | 成功: 2725 | 失败: 5 | 速度: 2.3/秒 | 预计剩余: 21.9分钟
[2026-05-12 00:38:05] 进度: 2740/5716 | 成功: 2735 | 失败: 5 | 速度: 2.3/秒 | 预计剩余: 21.9分钟
[2026-05-12 00:38:10] 进度: 2750/5716 | 成功: 2745 | 失败: 5 | 速度: 2.3/秒 | 预计剩余: 21.8分钟
[2026-05-12 00:38:15] 进度: 2760/5716 | 成功: 2755 | 失败: 5 | 速度: 2.3/秒 | 预计剩余: 21.7分钟
[2026-05-12 00:38:19] 进度: 2770/5716 | 成功: 2765 | 失败: 5 | 速度: 2.3/秒 | 预计剩余: 21.7分钟
[2026-05-12 00:38:24] 进度: 2780/5716 | 成功: 2775 | 失败: 5 | 速度: 2.3/秒 | 预计剩余: 21.6分钟
[2026-05-12 00:38:28] 进度: 2790/5716 | 成功: 2785 | 失败: 5 | 速度: 2.3/秒 | 预计剩余: 21.5分钟
[2026-05-12 00:38:32] 进度: 2800/5716 | 成功: 2795 | 失败: 5 | 速度: 2.3/秒 | 预计剩余: 21.4分钟
[2026-05-12 00:38:37] 进度: 2810/5716 | 成功: 2805 | 失败: 5 | 速度: 2.3/秒 | 预计剩余: 21.4分钟
[2026-05-12 00:38:41] 进度: 2820/5716 | 成功: 2815 | 失败: 5 | 速度: 2.3/秒 | 预计剩余: 21.3分钟
[2026-05-12 00:38:46] 进度: 2830/5716 | 成功: 2825 | 失败: 5 | 速度: 2.3/秒 | 预计剩余: 21.2分钟
[2026-05-12 00:38:50] 进度: 2840/5716 | 成功: 2835 | 失败: 5 | 速度: 2.3/秒 | 预计剩余: 21.1分钟
[2026-05-12 00:38:54] 进度: 2850/5716 | 成功: 2845 | 失败: 5 | 速度: 2.3/秒 | 预计剩余: 21.1分钟
[2026-05-12 00:38:59] 进度: 2860/5716 | 成功: 2855 | 失败: 5 | 速度: 2.3/秒 | 预计剩余: 21.0分钟
[2026-05-12 00:39:03] 进度: 2870/5716 | 成功: 2865 | 失败: 5 | 速度: 2.3/秒 | 预计剩余: 20.9分钟
[2026-05-12 00:39:07] 进度: 2880/5716 | 成功: 2875 | 失败: 5 | 速度: 2.3/秒 | 预计剩余: 20.8分钟
[2026-05-12 00:39:12] 进度: 2890/5716 | 成功: 2885 | 失败: 5 | 速度: 2.3/秒 | 预计剩余: 20.8分钟
[2026-05-12 00:39:16] 进度: 2900/5716 | 成功: 2895 | 失败: 5 | 速度: 2.3/秒 | 预计剩余: 20.7分钟
[2026-05-12 00:39:21] 进度: 2910/5716 | 成功: 2905 | 失败: 5 | 速度: 2.3/秒 | 预计剩余: 20.6分钟
[2026-05-12 00:39:25] 进度: 2920/5716 | 成功: 2915 | 失败: 5 | 速度: 2.3/秒 | 预计剩余: 20.5分钟
[2026-05-12 00:39:29] 进度: 2930/5716 | 成功: 2925 | 失败: 5 | 速度: 2.3/秒 | 预计剩余: 20.5分钟
[2026-05-12 00:39:34] 进度: 2940/5716 | 成功: 2934 | 失败: 6 | 速度: 2.3/秒 | 预计剩余: 20.4分钟
[2026-05-12 00:39:38] 进度: 2950/5716 | 成功: 2943 | 失败: 7 | 速度: 2.3/秒 | 预计剩余: 20.3分钟
[2026-05-12 00:39:42] 进度: 2960/5716 | 成功: 2953 | 失败: 7 | 速度: 2.3/秒 | 预计剩余: 20.2分钟
[2026-05-12 00:39:46] 进度: 2970/5716 | 成功: 2963 | 失败: 7 | 速度: 2.3/秒 | 预计剩余: 20.2分钟
[2026-05-12 00:39:50] 进度: 2980/5716 | 成功: 2973 | 失败: 7 | 速度: 2.3/秒 | 预计剩余: 20.1分钟
[2026-05-12 00:39:54] 进度: 2990/5716 | 成功: 2982 | 失败: 8 | 速度: 2.3/秒 | 预计剩余: 20.0分钟
[2026-05-12 00:39:59] 进度: 3000/5716 | 成功: 2992 | 失败: 8 | 速度: 2.3/秒 | 预计剩余: 19.9分钟
[2026-05-12 00:40:03] 进度: 3010/5716 | 成功: 3001 | 失败: 9 | 速度: 2.3/秒 | 预计剩余: 19.9分钟
[2026-05-12 00:40:08] 进度: 3020/5716 | 成功: 3007 | 失败: 13 | 速度: 2.3/秒 | 预计剩余: 19.8分钟
[2026-05-12 00:40:12] 进度: 3030/5716 | 成功: 3017 | 失败: 13 | 速度: 2.3/秒 | 预计剩余: 19.8分钟
[2026-05-12 00:40:16] 进度: 3040/5716 | 成功: 3027 | 失败: 13 | 速度: 2.3/秒 | 预计剩余: 19.7分钟
[2026-05-12 00:40:21] 进度: 3050/5716 | 成功: 3037 | 失败: 13 | 速度: 2.3/秒 | 预计剩余: 19.6分钟
[2026-05-12 00:40:25] 进度: 3060/5716 | 成功: 3047 | 失败: 13 | 速度: 2.3/秒 | 预计剩余: 19.5分钟
[2026-05-12 00:40:29] 进度: 3070/5716 | 成功: 3057 | 失败: 13 | 速度: 2.3/秒 | 预计剩余: 19.5分钟
[2026-05-12 00:40:33] 进度: 3080/5716 | 成功: 3067 | 失败: 13 | 速度: 2.3/秒 | 预计剩余: 19.4分钟
[2026-05-12 00:40:38] 进度: 3090/5716 | 成功: 3077 | 失败: 13 | 速度: 2.3/秒 | 预计剩余: 19.3分钟
[2026-05-12 00:40:42] 进度: 3100/5716 | 成功: 3087 | 失败: 13 | 速度: 2.3/秒 | 预计剩余: 19.2分钟
[2026-05-12 00:40:46] 进度: 3110/5716 | 成功: 3097 | 失败: 13 | 速度: 2.3/秒 | 预计剩余: 19.2分钟
[2026-05-12 00:40:51] 进度: 3120/5716 | 成功: 3107 | 失败: 13 | 速度: 2.3/秒 | 预计剩余: 19.1分钟
[2026-05-12 00:40:56] 进度: 3130/5716 | 成功: 3117 | 失败: 13 | 速度: 2.3/秒 | 预计剩余: 19.0分钟
[2026-05-12 00:41:00] 进度: 3140/5716 | 成功: 3127 | 失败: 13 | 速度: 2.3/秒 | 预计剩余: 18.9分钟
[2026-05-12 00:41:04] 进度: 3150/5716 | 成功: 3137 | 失败: 13 | 速度: 2.3/秒 | 预计剩余: 18.9分钟
[2026-05-12 00:41:09] 进度: 3160/5716 | 成功: 3147 | 失败: 13 | 速度: 2.3/秒 | 预计剩余: 18.8分钟
[2026-05-12 00:41:13] 进度: 3170/5716 | 成功: 3157 | 失败: 13 | 速度: 2.3/秒 | 预计剩余: 18.7分钟
[2026-05-12 00:41:17] 进度: 3180/5716 | 成功: 3167 | 失败: 13 | 速度: 2.3/秒 | 预计剩余: 18.6分钟
[2026-05-12 00:41:22] 进度: 3190/5716 | 成功: 3177 | 失败: 13 | 速度: 2.3/秒 | 预计剩余: 18.6分钟
[2026-05-12 00:41:26] 进度: 3200/5716 | 成功: 3187 | 失败: 13 | 速度: 2.3/秒 | 预计剩余: 18.5分钟
[2026-05-12 00:41:30] 进度: 3210/5716 | 成功: 3197 | 失败: 13 | 速度: 2.3/秒 | 预计剩余: 18.4分钟
[2026-05-12 00:41:35] 进度: 3220/5716 | 成功: 3207 | 失败: 13 | 速度: 2.3/秒 | 预计剩余: 18.3分钟
[2026-05-12 00:41:39] 进度: 3230/5716 | 成功: 3217 | 失败: 13 | 速度: 2.3/秒 | 预计剩余: 18.3分钟
[2026-05-12 00:41:43] 进度: 3240/5716 | 成功: 3227 | 失败: 13 | 速度: 2.3/秒 | 预计剩余: 18.2分钟
[2026-05-12 00:41:48] 进度: 3250/5716 | 成功: 3237 | 失败: 13 | 速度: 2.3/秒 | 预计剩余: 18.1分钟
[2026-05-12 00:41:52] 进度: 3260/5716 | 成功: 3247 | 失败: 13 | 速度: 2.3/秒 | 预计剩余: 18.0分钟
[2026-05-12 00:41:56] 进度: 3270/5716 | 成功: 3257 | 失败: 13 | 速度: 2.3/秒 | 预计剩余: 18.0分钟
[2026-05-12 00:42:00] 进度: 3280/5716 | 成功: 3267 | 失败: 13 | 速度: 2.3/秒 | 预计剩余: 17.9分钟
[2026-05-12 00:42:05] 进度: 3290/5716 | 成功: 3277 | 失败: 13 | 速度: 2.3/秒 | 预计剩余: 17.8分钟
[2026-05-12 00:42:09] 进度: 3300/5716 | 成功: 3287 | 失败: 13 | 速度: 2.3/秒 | 预计剩余: 17.7分钟
[2026-05-12 00:42:13] 进度: 3310/5716 | 成功: 3297 | 失败: 13 | 速度: 2.3/秒 | 预计剩余: 17.7分钟
[2026-05-12 00:42:17] 进度: 3320/5716 | 成功: 3307 | 失败: 13 | 速度: 2.3/秒 | 预计剩余: 17.6分钟
[2026-05-12 00:42:22] 进度: 3330/5716 | 成功: 3317 | 失败: 13 | 速度: 2.3/秒 | 预计剩余: 17.5分钟
[2026-05-12 00:42:26] 进度: 3340/5716 | 成功: 3327 | 失败: 13 | 速度: 2.3/秒 | 预计剩余: 17.4分钟
[2026-05-12 00:42:31] 进度: 3350/5716 | 成功: 3337 | 失败: 13 | 速度: 2.3/秒 | 预计剩余: 17.4分钟
[2026-05-12 00:42:36] 进度: 3360/5716 | 成功: 3347 | 失败: 13 | 速度: 2.3/秒 | 预计剩余: 17.3分钟
[2026-05-12 00:42:40] 进度: 3370/5716 | 成功: 3357 | 失败: 13 | 速度: 2.3/秒 | 预计剩余: 17.2分钟
[2026-05-12 00:42:44] 进度: 3380/5716 | 成功: 3367 | 失败: 13 | 速度: 2.3/秒 | 预计剩余: 17.2分钟
[2026-05-12 00:42:49] 进度: 3390/5716 | 成功: 3377 | 失败: 13 | 速度: 2.3/秒 | 预计剩余: 17.1分钟
[2026-05-12 00:42:53] 进度: 3400/5716 | 成功: 3387 | 失败: 13 | 速度: 2.3/秒 | 预计剩余: 17.0分钟
[2026-05-12 00:42:57] 进度: 3410/5716 | 成功: 3397 | 失败: 13 | 速度: 2.3/秒 | 预计剩余: 16.9分钟
[2026-05-12 00:43:02] 进度: 3420/5716 | 成功: 3407 | 失败: 13 | 速度: 2.3/秒 | 预计剩余: 16.9分钟
[2026-05-12 00:43:06] 进度: 3430/5716 | 成功: 3417 | 失败: 13 | 速度: 2.3/秒 | 预计剩余: 16.8分钟
[2026-05-12 00:43:10] 进度: 3440/5716 | 成功: 3427 | 失败: 13 | 速度: 2.3/秒 | 预计剩余: 16.7分钟
[2026-05-12 00:43:15] 进度: 3450/5716 | 成功: 3437 | 失败: 13 | 速度: 2.3/秒 | 预计剩余: 16.6分钟
[2026-05-12 00:43:19] 进度: 3460/5716 | 成功: 3447 | 失败: 13 | 速度: 2.3/秒 | 预计剩余: 16.6分钟
[2026-05-12 00:43:23] 进度: 3470/5716 | 成功: 3457 | 失败: 13 | 速度: 2.3/秒 | 预计剩余: 16.5分钟
[2026-05-12 00:43:27] 进度: 3480/5716 | 成功: 3467 | 失败: 13 | 速度: 2.3/秒 | 预计剩余: 16.4分钟
[2026-05-12 00:43:31] 进度: 3490/5716 | 成功: 3477 | 失败: 13 | 速度: 2.3/秒 | 预计剩余: 16.3分钟
[2026-05-12 00:43:36] 进度: 3500/5716 | 成功: 3487 | 失败: 13 | 速度: 2.3/秒 | 预计剩余: 16.3分钟
[2026-05-12 00:43:40] 进度: 3510/5716 | 成功: 3497 | 失败: 13 | 速度: 2.3/秒 | 预计剩余: 16.2分钟
[2026-05-12 00:43:45] 进度: 3520/5716 | 成功: 3507 | 失败: 13 | 速度: 2.3/秒 | 预计剩余: 16.1分钟
[2026-05-12 00:43:50] 进度: 3530/5716 | 成功: 3517 | 失败: 13 | 速度: 2.3/秒 | 预计剩余: 16.1分钟
[2026-05-12 00:43:54] 进度: 3540/5716 | 成功: 3527 | 失败: 13 | 速度: 2.3/秒 | 预计剩余: 16.0分钟
[2026-05-12 00:43:58] 进度: 3550/5716 | 成功: 3537 | 失败: 13 | 速度: 2.3/秒 | 预计剩余: 15.9分钟
[2026-05-12 00:44:02] 进度: 3560/5716 | 成功: 3547 | 失败: 13 | 速度: 2.3/秒 | 预计剩余: 15.8分钟
[2026-05-12 00:44:07] 进度: 3570/5716 | 成功: 3557 | 失败: 13 | 速度: 2.3/秒 | 预计剩余: 15.8分钟
[2026-05-12 00:44:11] 进度: 3580/5716 | 成功: 3567 | 失败: 13 | 速度: 2.3/秒 | 预计剩余: 15.7分钟
[2026-05-12 00:44:16] 进度: 3590/5716 | 成功: 3577 | 失败: 13 | 速度: 2.3/秒 | 预计剩余: 15.6分钟
[2026-05-12 00:44:20] 进度: 3600/5716 | 成功: 3587 | 失败: 13 | 速度: 2.3/秒 | 预计剩余: 15.5分钟
[2026-05-12 00:44:24] 进度: 3610/5716 | 成功: 3597 | 失败: 13 | 速度: 2.3/秒 | 预计剩余: 15.5分钟
[2026-05-12 00:44:29] 进度: 3620/5716 | 成功: 3607 | 失败: 13 | 速度: 2.3/秒 | 预计剩余: 15.4分钟
[2026-05-12 00:44:33] 进度: 3630/5716 | 成功: 3617 | 失败: 13 | 速度: 2.3/秒 | 预计剩余: 15.3分钟
[2026-05-12 00:44:37] 进度: 3640/5716 | 成功: 3627 | 失败: 13 | 速度: 2.3/秒 | 预计剩余: 15.2分钟
[2026-05-12 00:44:42] 进度: 3650/5716 | 成功: 3637 | 失败: 13 | 速度: 2.3/秒 | 预计剩余: 15.2分钟
[2026-05-12 00:44:46] 进度: 3660/5716 | 成功: 3647 | 失败: 13 | 速度: 2.3/秒 | 预计剩余: 15.1分钟
[2026-05-12 00:44:51] 进度: 3670/5716 | 成功: 3657 | 失败: 13 | 速度: 2.3/秒 | 预计剩余: 15.0分钟
[2026-05-12 00:44:55] 进度: 3680/5716 | 成功: 3667 | 失败: 13 | 速度: 2.3/秒 | 预计剩余: 14.9分钟
[2026-05-12 00:44:59] 进度: 3690/5716 | 成功: 3677 | 失败: 13 | 速度: 2.3/秒 | 预计剩余: 14.9分钟
[2026-05-12 00:45:04] 进度: 3700/5716 | 成功: 3687 | 失败: 13 | 速度: 2.3/秒 | 预计剩余: 14.8分钟
[2026-05-12 00:45:08] 进度: 3710/5716 | 成功: 3697 | 失败: 13 | 速度: 2.3/秒 | 预计剩余: 14.7分钟
[2026-05-12 00:45:12] 进度: 3720/5716 | 成功: 3707 | 失败: 13 | 速度: 2.3/秒 | 预计剩余: 14.6分钟
[2026-05-12 00:45:16] 进度: 3730/5716 | 成功: 3717 | 失败: 13 | 速度: 2.3/秒 | 预计剩余: 14.6分钟
[2026-05-12 00:45:21] 进度: 3740/5716 | 成功: 3727 | 失败: 13 | 速度: 2.3/秒 | 预计剩余: 14.5分钟
[2026-05-12 00:45:25] 进度: 3750/5716 | 成功: 3737 | 失败: 13 | 速度: 2.3/秒 | 预计剩余: 14.4分钟
[2026-05-12 00:45:29] 进度: 3760/5716 | 成功: 3747 | 失败: 13 | 速度: 2.3/秒 | 预计剩余: 14.3分钟
[2026-05-12 00:45:34] 进度: 3770/5716 | 成功: 3757 | 失败: 13 | 速度: 2.3/秒 | 预计剩余: 14.3分钟
[2026-05-12 00:45:38] 进度: 3780/5716 | 成功: 3767 | 失败: 13 | 速度: 2.3/秒 | 预计剩余: 14.2分钟
[2026-05-12 00:45:42] 进度: 3790/5716 | 成功: 3777 | 失败: 13 | 速度: 2.3/秒 | 预计剩余: 14.1分钟
[2026-05-12 00:45:46] 进度: 3800/5716 | 成功: 3787 | 失败: 13 | 速度: 2.3/秒 | 预计剩余: 14.0分钟
[2026-05-12 00:45:51] 进度: 3810/5716 | 成功: 3797 | 失败: 13 | 速度: 2.3/秒 | 预计剩余: 14.0分钟
[2026-05-12 00:45:55] 进度: 3820/5716 | 成功: 3807 | 失败: 13 | 速度: 2.3/秒 | 预计剩余: 13.9分钟
[2026-05-12 00:45:59] 进度: 3830/5716 | 成功: 3817 | 失败: 13 | 速度: 2.3/秒 | 预计剩余: 13.8分钟
[2026-05-12 00:46:04] 进度: 3840/5716 | 成功: 3827 | 失败: 13 | 速度: 2.3/秒 | 预计剩余: 13.8分钟
[2026-05-12 00:46:08] 进度: 3850/5716 | 成功: 3837 | 失败: 13 | 速度: 2.3/秒 | 预计剩余: 13.7分钟
[2026-05-12 00:46:12] 进度: 3860/5716 | 成功: 3847 | 失败: 13 | 速度: 2.3/秒 | 预计剩余: 13.6分钟
[2026-05-12 00:46:17] 进度: 3870/5716 | 成功: 3857 | 失败: 13 | 速度: 2.3/秒 | 预计剩余: 13.5分钟
[2026-05-12 00:46:21] 进度: 3880/5716 | 成功: 3867 | 失败: 13 | 速度: 2.3/秒 | 预计剩余: 13.5分钟
[2026-05-12 00:46:25] 进度: 3890/5716 | 成功: 3877 | 失败: 13 | 速度: 2.3/秒 | 预计剩余: 13.4分钟
[2026-05-12 00:46:29] 进度: 3900/5716 | 成功: 3887 | 失败: 13 | 速度: 2.3/秒 | 预计剩余: 13.3分钟
[2026-05-12 00:46:33] 进度: 3910/5716 | 成功: 3897 | 失败: 13 | 速度: 2.3/秒 | 预计剩余: 13.2分钟
[2026-05-12 00:46:38] 进度: 3920/5716 | 成功: 3907 | 失败: 13 | 速度: 2.3/秒 | 预计剩余: 13.2分钟
[2026-05-12 00:46:42] 进度: 3930/5716 | 成功: 3917 | 失败: 13 | 速度: 2.3/秒 | 预计剩余: 13.1分钟
[2026-05-12 00:46:47] 进度: 3940/5716 | 成功: 3927 | 失败: 13 | 速度: 2.3/秒 | 预计剩余: 13.0分钟
[2026-05-12 00:46:51] 进度: 3950/5716 | 成功: 3937 | 失败: 13 | 速度: 2.3/秒 | 预计剩余: 12.9分钟
[2026-05-12 00:46:56] 进度: 3960/5716 | 成功: 3947 | 失败: 13 | 速度: 2.3/秒 | 预计剩余: 12.9分钟
[2026-05-12 00:47:00] 进度: 3970/5716 | 成功: 3957 | 失败: 13 | 速度: 2.3/秒 | 预计剩余: 12.8分钟
[2026-05-12 00:47:04] 进度: 3980/5716 | 成功: 3967 | 失败: 13 | 速度: 2.3/秒 | 预计剩余: 12.7分钟
[2026-05-12 00:47:08] 进度: 3990/5716 | 成功: 3977 | 失败: 13 | 速度: 2.3/秒 | 预计剩余: 12.6分钟
[2026-05-12 00:47:12] 进度: 4000/5716 | 成功: 3987 | 失败: 13 | 速度: 2.3/秒 | 预计剩余: 12.6分钟
[2026-05-12 00:47:17] 进度: 4010/5716 | 成功: 3997 | 失败: 13 | 速度: 2.3/秒 | 预计剩余: 12.5分钟
[2026-05-12 00:47:21] 进度: 4020/5716 | 成功: 4007 | 失败: 13 | 速度: 2.3/秒 | 预计剩余: 12.4分钟
[2026-05-12 00:47:25] 进度: 4030/5716 | 成功: 4017 | 失败: 13 | 速度: 2.3/秒 | 预计剩余: 12.3分钟
[2026-05-12 00:47:29] 进度: 4040/5716 | 成功: 4027 | 失败: 13 | 速度: 2.3/秒 | 预计剩余: 12.3分钟
[2026-05-12 00:47:34] 进度: 4050/5716 | 成功: 4037 | 失败: 13 | 速度: 2.3/秒 | 预计剩余: 12.2分钟
[2026-05-12 00:47:38] 进度: 4060/5716 | 成功: 4047 | 失败: 13 | 速度: 2.3/秒 | 预计剩余: 12.1分钟
[2026-05-12 00:47:42] 进度: 4070/5716 | 成功: 4057 | 失败: 13 | 速度: 2.3/秒 | 预计剩余: 12.0分钟
[2026-05-12 00:47:46] 进度: 4080/5716 | 成功: 4067 | 失败: 13 | 速度: 2.3/秒 | 预计剩余: 12.0分钟
[2026-05-12 00:47:51] 进度: 4090/5716 | 成功: 4077 | 失败: 13 | 速度: 2.3/秒 | 预计剩余: 11.9分钟
[2026-05-12 00:47:55] 进度: 4100/5716 | 成功: 4087 | 失败: 13 | 速度: 2.3/秒 | 预计剩余: 11.8分钟
[2026-05-12 00:48:00] 进度: 4110/5716 | 成功: 4097 | 失败: 13 | 速度: 2.3/秒 | 预计剩余: 11.8分钟
[2026-05-12 00:48:04] 进度: 4120/5716 | 成功: 4107 | 失败: 13 | 速度: 2.3/秒 | 预计剩余: 11.7分钟
[2026-05-12 00:48:09] 进度: 4130/5716 | 成功: 4117 | 失败: 13 | 速度: 2.3/秒 | 预计剩余: 11.6分钟
[2026-05-12 00:48:13] 进度: 4140/5716 | 成功: 4127 | 失败: 13 | 速度: 2.3/秒 | 预计剩余: 11.5分钟
[2026-05-12 00:48:17] 进度: 4150/5716 | 成功: 4137 | 失败: 13 | 速度: 2.3/秒 | 预计剩余: 11.5分钟
[2026-05-12 00:48:22] 进度: 4160/5716 | 成功: 4147 | 失败: 13 | 速度: 2.3/秒 | 预计剩余: 11.4分钟
[2026-05-12 00:48:26] 进度: 4170/5716 | 成功: 4157 | 失败: 13 | 速度: 2.3/秒 | 预计剩余: 11.3分钟
[2026-05-12 00:48:30] 进度: 4180/5716 | 成功: 4167 | 失败: 13 | 速度: 2.3/秒 | 预计剩余: 11.2分钟
[2026-05-12 00:48:34] 进度: 4190/5716 | 成功: 4177 | 失败: 13 | 速度: 2.3/秒 | 预计剩余: 11.2分钟
[2026-05-12 00:48:39] 进度: 4200/5716 | 成功: 4187 | 失败: 13 | 速度: 2.3/秒 | 预计剩余: 11.1分钟
[2026-05-12 00:48:44] 进度: 4210/5716 | 成功: 4197 | 失败: 13 | 速度: 2.3/秒 | 预计剩余: 11.0分钟
[2026-05-12 00:48:48] 进度: 4220/5716 | 成功: 4207 | 失败: 13 | 速度: 2.3/秒 | 预计剩余: 11.0分钟
[2026-05-12 00:48:52] 进度: 4230/5716 | 成功: 4217 | 失败: 13 | 速度: 2.3/秒 | 预计剩余: 10.9分钟
[2026-05-12 00:48:57] 进度: 4240/5716 | 成功: 4227 | 失败: 13 | 速度: 2.3/秒 | 预计剩余: 10.8分钟
[2026-05-12 00:49:01] 进度: 4250/5716 | 成功: 4237 | 失败: 13 | 速度: 2.3/秒 | 预计剩余: 10.7分钟
[2026-05-12 00:49:05] 进度: 4260/5716 | 成功: 4247 | 失败: 13 | 速度: 2.3/秒 | 预计剩余: 10.7分钟
[2026-05-12 00:49:10] 进度: 4270/5716 | 成功: 4257 | 失败: 13 | 速度: 2.3/秒 | 预计剩余: 10.6分钟
[2026-05-12 00:49:14] 进度: 4280/5716 | 成功: 4267 | 失败: 13 | 速度: 2.3/秒 | 预计剩余: 10.5分钟
[2026-05-12 00:49:18] 进度: 4290/5716 | 成功: 4277 | 失败: 13 | 速度: 2.3/秒 | 预计剩余: 10.4分钟
[2026-05-12 00:49:23] 进度: 4300/5716 | 成功: 4287 | 失败: 13 | 速度: 2.3/秒 | 预计剩余: 10.4分钟
[2026-05-12 00:49:27] 进度: 4310/5716 | 成功: 4296 | 失败: 14 | 速度: 2.3/秒 | 预计剩余: 10.3分钟
[2026-05-12 00:49:31] 进度: 4320/5716 | 成功: 4306 | 失败: 14 | 速度: 2.3/秒 | 预计剩余: 10.2分钟
[2026-05-12 00:49:36] 进度: 4330/5716 | 成功: 4316 | 失败: 14 | 速度: 2.3/秒 | 预计剩余: 10.1分钟
[2026-05-12 00:49:40] 进度: 4340/5716 | 成功: 4326 | 失败: 14 | 速度: 2.3/秒 | 预计剩余: 10.1分钟
[2026-05-12 00:49:44] 进度: 4350/5716 | 成功: 4336 | 失败: 14 | 速度: 2.3/秒 | 预计剩余: 10.0分钟
[2026-05-12 00:49:48] 进度: 4360/5716 | 成功: 4346 | 失败: 14 | 速度: 2.3/秒 | 预计剩余: 9.9分钟
[2026-05-12 00:49:53] 进度: 4370/5716 | 成功: 4356 | 失败: 14 | 速度: 2.3/秒 | 预计剩余: 9.8分钟
[2026-05-12 00:49:57] 进度: 4380/5716 | 成功: 4366 | 失败: 14 | 速度: 2.3/秒 | 预计剩余: 9.8分钟
[2026-05-12 00:50:01] 进度: 4390/5716 | 成功: 4376 | 失败: 14 | 速度: 2.3/秒 | 预计剩余: 9.7分钟
[2026-05-12 00:50:06] 进度: 4400/5716 | 成功: 4385 | 失败: 15 | 速度: 2.3/秒 | 预计剩余: 9.6分钟
[2026-05-12 00:50:10] 进度: 4410/5716 | 成功: 4393 | 失败: 17 | 速度: 2.3/秒 | 预计剩余: 9.6分钟
[2026-05-12 00:50:15] 进度: 4420/5716 | 成功: 4403 | 失败: 17 | 速度: 2.3/秒 | 预计剩余: 9.5分钟
[2026-05-12 00:50:19] 进度: 4430/5716 | 成功: 4413 | 失败: 17 | 速度: 2.3/秒 | 预计剩余: 9.4分钟
[2026-05-12 00:50:24] 进度: 4440/5716 | 成功: 4423 | 失败: 17 | 速度: 2.3/秒 | 预计剩余: 9.3分钟
[2026-05-12 00:50:28] 进度: 4450/5716 | 成功: 4433 | 失败: 17 | 速度: 2.3/秒 | 预计剩余: 9.3分钟
[2026-05-12 00:50:32] 进度: 4460/5716 | 成功: 4443 | 失败: 17 | 速度: 2.3/秒 | 预计剩余: 9.2分钟
[2026-05-12 00:50:36] 进度: 4470/5716 | 成功: 4453 | 失败: 17 | 速度: 2.3/秒 | 预计剩余: 9.1分钟
[2026-05-12 00:50:41] 进度: 4480/5716 | 成功: 4463 | 失败: 17 | 速度: 2.3/秒 | 预计剩余: 9.0分钟
[2026-05-12 00:50:45] 进度: 4490/5716 | 成功: 4473 | 失败: 17 | 速度: 2.3/秒 | 预计剩余: 9.0分钟
[2026-05-12 00:50:49] 进度: 4500/5716 | 成功: 4483 | 失败: 17 | 速度: 2.3/秒 | 预计剩余: 8.9分钟
[2026-05-12 00:50:54] 进度: 4510/5716 | 成功: 4493 | 失败: 17 | 速度: 2.3/秒 | 预计剩余: 8.8分钟
[2026-05-12 00:50:58] 进度: 4520/5716 | 成功: 4503 | 失败: 17 | 速度: 2.3/秒 | 预计剩余: 8.8分钟
[2026-05-12 00:51:03] 进度: 4530/5716 | 成功: 4513 | 失败: 17 | 速度: 2.3/秒 | 预计剩余: 8.7分钟
[2026-05-12 00:51:07] 进度: 4540/5716 | 成功: 4523 | 失败: 17 | 速度: 2.3/秒 | 预计剩余: 8.6分钟
[2026-05-12 00:51:11] 进度: 4550/5716 | 成功: 4533 | 失败: 17 | 速度: 2.3/秒 | 预计剩余: 8.5分钟
[2026-05-12 00:51:16] 进度: 4560/5716 | 成功: 4543 | 失败: 17 | 速度: 2.3/秒 | 预计剩余: 8.5分钟
[2026-05-12 00:51:20] 进度: 4570/5716 | 成功: 4553 | 失败: 17 | 速度: 2.3/秒 | 预计剩余: 8.4分钟
[2026-05-12 00:51:25] 进度: 4580/5716 | 成功: 4563 | 失败: 17 | 速度: 2.3/秒 | 预计剩余: 8.3分钟
[2026-05-12 00:51:29] 进度: 4590/5716 | 成功: 4573 | 失败: 17 | 速度: 2.3/秒 | 预计剩余: 8.2分钟
[2026-05-12 00:51:34] 进度: 4600/5716 | 成功: 4583 | 失败: 17 | 速度: 2.3/秒 | 预计剩余: 8.2分钟
[2026-05-12 00:51:38] 进度: 4610/5716 | 成功: 4593 | 失败: 17 | 速度: 2.3/秒 | 预计剩余: 8.1分钟
[2026-05-12 00:51:42] 进度: 4620/5716 | 成功: 4603 | 失败: 17 | 速度: 2.3/秒 | 预计剩余: 8.0分钟
[2026-05-12 00:51:47] 进度: 4630/5716 | 成功: 4613 | 失败: 17 | 速度: 2.3/秒 | 预计剩余: 8.0分钟
[2026-05-12 00:51:51] 进度: 4640/5716 | 成功: 4623 | 失败: 17 | 速度: 2.3/秒 | 预计剩余: 7.9分钟
[2026-05-12 00:51:55] 进度: 4650/5716 | 成功: 4633 | 失败: 17 | 速度: 2.3/秒 | 预计剩余: 7.8分钟
[2026-05-12 00:52:00] 进度: 4660/5716 | 成功: 4643 | 失败: 17 | 速度: 2.3/秒 | 预计剩余: 7.7分钟
[2026-05-12 00:52:04] 进度: 4670/5716 | 成功: 4653 | 失败: 17 | 速度: 2.3/秒 | 预计剩余: 7.7分钟
[2026-05-12 00:52:08] 进度: 4680/5716 | 成功: 4663 | 失败: 17 | 速度: 2.3/秒 | 预计剩余: 7.6分钟
[2026-05-12 00:52:13] 进度: 4690/5716 | 成功: 4673 | 失败: 17 | 速度: 2.3/秒 | 预计剩余: 7.5分钟
[2026-05-12 00:52:17] 进度: 4700/5716 | 成功: 4683 | 失败: 17 | 速度: 2.3/秒 | 预计剩余: 7.4分钟
[2026-05-12 00:52:21] 进度: 4710/5716 | 成功: 4693 | 失败: 17 | 速度: 2.3/秒 | 预计剩余: 7.4分钟
[2026-05-12 00:52:26] 进度: 4720/5716 | 成功: 4703 | 失败: 17 | 速度: 2.3/秒 | 预计剩余: 7.3分钟
[2026-05-12 00:52:30] 进度: 4730/5716 | 成功: 4713 | 失败: 17 | 速度: 2.3/秒 | 预计剩余: 7.2分钟
[2026-05-12 00:52:34] 进度: 4740/5716 | 成功: 4723 | 失败: 17 | 速度: 2.3/秒 | 预计剩余: 7.1分钟
[2026-05-12 00:52:38] 进度: 4750/5716 | 成功: 4733 | 失败: 17 | 速度: 2.3/秒 | 预计剩余: 7.1分钟
[2026-05-12 00:52:43] 进度: 4760/5716 | 成功: 4743 | 失败: 17 | 速度: 2.3/秒 | 预计剩余: 7.0分钟
[2026-05-12 00:52:47] 进度: 4770/5716 | 成功: 4753 | 失败: 17 | 速度: 2.3/秒 | 预计剩余: 6.9分钟
[2026-05-12 00:52:51] 进度: 4780/5716 | 成功: 4763 | 失败: 17 | 速度: 2.3/秒 | 预计剩余: 6.8分钟
[2026-05-12 00:52:56] 进度: 4790/5716 | 成功: 4773 | 失败: 17 | 速度: 2.3/秒 | 预计剩余: 6.8分钟
[2026-05-12 00:53:00] 进度: 4800/5716 | 成功: 4783 | 失败: 17 | 速度: 2.3/秒 | 预计剩余: 6.7分钟
[2026-05-12 00:53:04] 进度: 4810/5716 | 成功: 4793 | 失败: 17 | 速度: 2.3/秒 | 预计剩余: 6.6分钟
[2026-05-12 00:53:09] 进度: 4820/5716 | 成功: 4803 | 失败: 17 | 速度: 2.3/秒 | 预计剩余: 6.6分钟
[2026-05-12 00:53:13] 进度: 4830/5716 | 成功: 4813 | 失败: 17 | 速度: 2.3/秒 | 预计剩余: 6.5分钟
[2026-05-12 00:53:18] 进度: 4840/5716 | 成功: 4823 | 失败: 17 | 速度: 2.3/秒 | 预计剩余: 6.4分钟
[2026-05-12 00:53:22] 进度: 4850/5716 | 成功: 4833 | 失败: 17 | 速度: 2.3/秒 | 预计剩余: 6.3分钟
[2026-05-12 00:53:27] 进度: 4860/5716 | 成功: 4843 | 失败: 17 | 速度: 2.3/秒 | 预计剩余: 6.3分钟
[2026-05-12 00:53:31] 进度: 4870/5716 | 成功: 4853 | 失败: 17 | 速度: 2.3/秒 | 预计剩余: 6.2分钟
[2026-05-12 00:53:35] 进度: 4880/5716 | 成功: 4863 | 失败: 17 | 速度: 2.3/秒 | 预计剩余: 6.1分钟
[2026-05-12 00:53:40] 进度: 4890/5716 | 成功: 4873 | 失败: 17 | 速度: 2.3/秒 | 预计剩余: 6.0分钟
[2026-05-12 00:53:44] 进度: 4900/5716 | 成功: 4883 | 失败: 17 | 速度: 2.3/秒 | 预计剩余: 6.0分钟
[2026-05-12 00:53:48] 进度: 4910/5716 | 成功: 4893 | 失败: 17 | 速度: 2.3/秒 | 预计剩余: 5.9分钟
[2026-05-12 00:53:53] 进度: 4920/5716 | 成功: 4903 | 失败: 17 | 速度: 2.3/秒 | 预计剩余: 5.8分钟
[2026-05-12 00:53:57] 进度: 4930/5716 | 成功: 4913 | 失败: 17 | 速度: 2.3/秒 | 预计剩余: 5.8分钟
[2026-05-12 00:54:01] 进度: 4940/5716 | 成功: 4923 | 失败: 17 | 速度: 2.3/秒 | 预计剩余: 5.7分钟
[2026-05-12 00:54:06] 进度: 4950/5716 | 成功: 4933 | 失败: 17 | 速度: 2.3/秒 | 预计剩余: 5.6分钟
[2026-05-12 00:54:10] 进度: 4960/5716 | 成功: 4943 | 失败: 17 | 速度: 2.3/秒 | 预计剩余: 5.5分钟
[2026-05-12 00:54:15] 进度: 4970/5716 | 成功: 4953 | 失败: 17 | 速度: 2.3/秒 | 预计剩余: 5.5分钟
[2026-05-12 00:54:19] 进度: 4980/5716 | 成功: 4963 | 失败: 17 | 速度: 2.3/秒 | 预计剩余: 5.4分钟
[2026-05-12 00:54:23] 进度: 4990/5716 | 成功: 4973 | 失败: 17 | 速度: 2.3/秒 | 预计剩余: 5.3分钟
[2026-05-12 00:54:28] 进度: 5000/5716 | 成功: 4983 | 失败: 17 | 速度: 2.3/秒 | 预计剩余: 5.2分钟
[2026-05-12 00:54:32] 进度: 5010/5716 | 成功: 4993 | 失败: 17 | 速度: 2.3/秒 | 预计剩余: 5.2分钟
[2026-05-12 00:54:37] 进度: 5020/5716 | 成功: 5003 | 失败: 17 | 速度: 2.3/秒 | 预计剩余: 5.1分钟
[2026-05-12 00:54:41] 进度: 5030/5716 | 成功: 5013 | 失败: 17 | 速度: 2.3/秒 | 预计剩余: 5.0分钟
[2026-05-12 00:54:45] 进度: 5040/5716 | 成功: 5023 | 失败: 17 | 速度: 2.3/秒 | 预计剩余: 4.9分钟
[2026-05-12 00:54:49] 进度: 5050/5716 | 成功: 5033 | 失败: 17 | 速度: 2.3/秒 | 预计剩余: 4.9分钟
[2026-05-12 00:54:54] 进度: 5060/5716 | 成功: 5043 | 失败: 17 | 速度: 2.3/秒 | 预计剩余: 4.8分钟
[2026-05-12 00:54:59] 进度: 5070/5716 | 成功: 5053 | 失败: 17 | 速度: 2.3/秒 | 预计剩余: 4.7分钟
[2026-05-12 00:55:03] 进度: 5080/5716 | 成功: 5063 | 失败: 17 | 速度: 2.3/秒 | 预计剩余: 4.7分钟
[2026-05-12 00:55:08] 进度: 5090/5716 | 成功: 5073 | 失败: 17 | 速度: 2.3/秒 | 预计剩余: 4.6分钟
[2026-05-12 00:55:12] 进度: 5100/5716 | 成功: 5083 | 失败: 17 | 速度: 2.3/秒 | 预计剩余: 4.5分钟
[2026-05-12 00:55:16] 进度: 5110/5716 | 成功: 5093 | 失败: 17 | 速度: 2.3/秒 | 预计剩余: 4.4分钟
[2026-05-12 00:55:21] 进度: 5120/5716 | 成功: 5103 | 失败: 17 | 速度: 2.3/秒 | 预计剩余: 4.4分钟
[2026-05-12 00:55:25] 进度: 5130/5716 | 成功: 5113 | 失败: 17 | 速度: 2.3/秒 | 预计剩余: 4.3分钟
[2026-05-12 00:55:29] 进度: 5140/5716 | 成功: 5123 | 失败: 17 | 速度: 2.3/秒 | 预计剩余: 4.2分钟
[2026-05-12 00:55:34] 进度: 5150/5716 | 成功: 5133 | 失败: 17 | 速度: 2.3/秒 | 预计剩余: 4.1分钟
[2026-05-12 00:55:38] 进度: 5160/5716 | 成功: 5143 | 失败: 17 | 速度: 2.3/秒 | 预计剩余: 4.1分钟
[2026-05-12 00:55:43] 进度: 5170/5716 | 成功: 5153 | 失败: 17 | 速度: 2.3/秒 | 预计剩余: 4.0分钟
[2026-05-12 00:55:47] 进度: 5180/5716 | 成功: 5163 | 失败: 17 | 速度: 2.3/秒 | 预计剩余: 3.9分钟
[2026-05-12 00:55:52] 进度: 5190/5716 | 成功: 5173 | 失败: 17 | 速度: 2.3/秒 | 预计剩余: 3.8分钟
[2026-05-12 00:55:56] 进度: 5200/5716 | 成功: 5183 | 失败: 17 | 速度: 2.3/秒 | 预计剩余: 3.8分钟
[2026-05-12 00:56:00] 进度: 5210/5716 | 成功: 5193 | 失败: 17 | 速度: 2.3/秒 | 预计剩余: 3.7分钟
[2026-05-12 00:56:05] 进度: 5220/5716 | 成功: 5203 | 失败: 17 | 速度: 2.3/秒 | 预计剩余: 3.6分钟
[2026-05-12 00:56:09] 进度: 5230/5716 | 成功: 5213 | 失败: 17 | 速度: 2.3/秒 | 预计剩余: 3.6分钟
[2026-05-12 00:56:14] 进度: 5240/5716 | 成功: 5223 | 失败: 17 | 速度: 2.3/秒 | 预计剩余: 3.5分钟
[2026-05-12 00:56:18] 进度: 5250/5716 | 成功: 5233 | 失败: 17 | 速度: 2.3/秒 | 预计剩余: 3.4分钟
[2026-05-12 00:56:22] 进度: 5260/5716 | 成功: 5243 | 失败: 17 | 速度: 2.3/秒 | 预计剩余: 3.3分钟
[2026-05-12 00:56:27] 进度: 5270/5716 | 成功: 5253 | 失败: 17 | 速度: 2.3/秒 | 预计剩余: 3.3分钟
[2026-05-12 00:56:31] 进度: 5280/5716 | 成功: 5263 | 失败: 17 | 速度: 2.3/秒 | 预计剩余: 3.2分钟
[2026-05-12 00:56:36] 进度: 5290/5716 | 成功: 5272 | 失败: 18 | 速度: 2.3/秒 | 预计剩余: 3.1分钟
[2026-05-12 00:56:40] 进度: 5300/5716 | 成功: 5282 | 失败: 18 | 速度: 2.3/秒 | 预计剩余: 3.0分钟
[2026-05-12 00:56:44] 进度: 5310/5716 | 成功: 5292 | 失败: 18 | 速度: 2.3/秒 | 预计剩余: 3.0分钟
[2026-05-12 00:56:48] 进度: 5320/5716 | 成功: 5302 | 失败: 18 | 速度: 2.3/秒 | 预计剩余: 2.9分钟
[2026-05-12 00:56:53] 进度: 5330/5716 | 成功: 5312 | 失败: 18 | 速度: 2.3/秒 | 预计剩余: 2.8分钟
[2026-05-12 00:56:57] 进度: 5340/5716 | 成功: 5322 | 失败: 18 | 速度: 2.3/秒 | 预计剩余: 2.8分钟
[2026-05-12 00:57:01] 进度: 5350/5716 | 成功: 5332 | 失败: 18 | 速度: 2.3/秒 | 预计剩余: 2.7分钟
[2026-05-12 00:57:05] 进度: 5360/5716 | 成功: 5342 | 失败: 18 | 速度: 2.3/秒 | 预计剩余: 2.6分钟
[2026-05-12 00:57:10] 进度: 5370/5716 | 成功: 5351 | 失败: 19 | 速度: 2.3/秒 | 预计剩余: 2.5分钟
[2026-05-12 00:57:14] 进度: 5380/5716 | 成功: 5361 | 失败: 19 | 速度: 2.3/秒 | 预计剩余: 2.5分钟
[2026-05-12 00:57:19] 进度: 5390/5716 | 成功: 5368 | 失败: 22 | 速度: 2.3/秒 | 预计剩余: 2.4分钟
[2026-05-12 00:57:24] 进度: 5400/5716 | 成功: 5372 | 失败: 28 | 速度: 2.3/秒 | 预计剩余: 2.3分钟
[2026-05-12 00:57:30] 进度: 5410/5716 | 成功: 5372 | 失败: 38 | 速度: 2.3/秒 | 预计剩余: 2.3分钟
[2026-05-12 00:57:37] 进度: 5420/5716 | 成功: 5372 | 失败: 48 | 速度: 2.3/秒 | 预计剩余: 2.2分钟
[2026-05-12 00:57:42] 进度: 5430/5716 | 成功: 5372 | 失败: 58 | 速度: 2.3/秒 | 预计剩余: 2.1分钟
[2026-05-12 00:57:48] 进度: 5440/5716 | 成功: 5372 | 失败: 68 | 速度: 2.2/秒 | 预计剩余: 2.0分钟
[2026-05-12 00:57:54] 进度: 5450/5716 | 成功: 5372 | 失败: 78 | 速度: 2.2/秒 | 预计剩余: 2.0分钟
[2026-05-12 00:58:00] 进度: 5460/5716 | 成功: 5372 | 失败: 88 | 速度: 2.2/秒 | 预计剩余: 1.9分钟
[2026-05-12 00:58:06] 进度: 5470/5716 | 成功: 5372 | 失败: 98 | 速度: 2.2/秒 | 预计剩余: 1.8分钟
[2026-05-12 00:58:12] 进度: 5480/5716 | 成功: 5372 | 失败: 108 | 速度: 2.2/秒 | 预计剩余: 1.8分钟
[2026-05-12 00:58:18] 进度: 5490/5716 | 成功: 5372 | 失败: 118 | 速度: 2.2/秒 | 预计剩余: 1.7分钟
[2026-05-12 00:58:24] 进度: 5500/5716 | 成功: 5372 | 失败: 128 | 速度: 2.2/秒 | 预计剩余: 1.6分钟
[2026-05-12 00:58:30] 进度: 5510/5716 | 成功: 5372 | 失败: 138 | 速度: 2.2/秒 | 预计剩余: 1.6分钟
[2026-05-12 00:58:36] 进度: 5520/5716 | 成功: 5372 | 失败: 148 | 速度: 2.2/秒 | 预计剩余: 1.5分钟
[2026-05-12 00:58:42] 进度: 5530/5716 | 成功: 5372 | 失败: 158 | 速度: 2.2/秒 | 预计剩余: 1.4分钟
[2026-05-12 00:58:48] 进度: 5540/5716 | 成功: 5372 | 失败: 168 | 速度: 2.2/秒 | 预计剩余: 1.3分钟
[2026-05-12 00:58:53] 进度: 5550/5716 | 成功: 5372 | 失败: 178 | 速度: 2.2/秒 | 预计剩余: 1.3分钟
[2026-05-12 00:58:59] 进度: 5560/5716 | 成功: 5372 | 失败: 188 | 速度: 2.2/秒 | 预计剩余: 1.2分钟
[2026-05-12 00:59:05] 进度: 5570/5716 | 成功: 5372 | 失败: 198 | 速度: 2.2/秒 | 预计剩余: 1.1分钟
[2026-05-12 00:59:11] 进度: 5580/5716 | 成功: 5372 | 失败: 208 | 速度: 2.2/秒 | 预计剩余: 1.0分钟
[2026-05-12 00:59:17] 进度: 5590/5716 | 成功: 5372 | 失败: 218 | 速度: 2.2/秒 | 预计剩余: 1.0分钟
[2026-05-12 00:59:23] 进度: 5600/5716 | 成功: 5372 | 失败: 228 | 速度: 2.2/秒 | 预计剩余: 0.9分钟
[2026-05-12 00:59:29] 进度: 5610/5716 | 成功: 5372 | 失败: 238 | 速度: 2.2/秒 | 预计剩余: 0.8分钟
[2026-05-12 00:59:35] 进度: 5620/5716 | 成功: 5372 | 失败: 248 | 速度: 2.2/秒 | 预计剩余: 0.7分钟
[2026-05-12 00:59:41] 进度: 5630/5716 | 成功: 5372 | 失败: 258 | 速度: 2.1/秒 | 预计剩余: 0.7分钟
[2026-05-12 00:59:47] 进度: 5640/5716 | 成功: 5372 | 失败: 268 | 速度: 2.1/秒 | 预计剩余: 0.6分钟
[2026-05-12 00:59:53] 进度: 5650/5716 | 成功: 5372 | 失败: 278 | 速度: 2.1/秒 | 预计剩余: 0.5分钟
[2026-05-12 00:59:59] 进度: 5660/5716 | 成功: 5372 | 失败: 288 | 速度: 2.1/秒 | 预计剩余: 0.4分钟
[2026-05-12 01:00:04] 进度: 5670/5716 | 成功: 5372 | 失败: 298 | 速度: 2.1/秒 | 预计剩余: 0.4分钟
[2026-05-12 01:00:10] 进度: 5680/5716 | 成功: 5372 | 失败: 308 | 速度: 2.1/秒 | 预计剩余: 0.3分钟
[2026-05-12 01:00:17] 进度: 5690/5716 | 成功: 5372 | 失败: 318 | 速度: 2.1/秒 | 预计剩余: 0.2分钟
[2026-05-12 01:00:23] 进度: 5700/5716 | 成功: 5372 | 失败: 328 | 速度: 2.1/秒 | 预计剩余: 0.1分钟
[2026-05-12 01:00:28] 进度: 5710/5716 | 成功: 5372 | 失败: 338 | 速度: 2.1/秒 | 预计剩余: 0.0分钟
[2026-05-12 01:00:32] ============================================================
[2026-05-12 01:00:32] ✅ 全量同步完成!
[2026-05-12 01:00:32]    总计: 5506 个文件
[2026-05-12 01:00:32]    新增成功: 5372
[2026-05-12 01:00:32]    失败: 344
[2026-05-12 01:00:32]    耗时: 42.5 分钟
[2026-05-12 01:00:32] ============================================================
